Archive member included to satisfy reference by file (symbol)

C:/ST/STM32CubeIDE_1.16.0/STM32CubeIDE/plugins/com.st.stm32cube.ide.mcu.externaltools.gnu-tools-for-stm32.12.3.rel1.win32_1.0.200.202406191623/tools/bin/../lib/gcc/arm-none-eabi/12.3.1/../../../../arm-none-eabi/lib/thumb/v7e-m+fp/hard\libc_nano.a(libc_a-exit.o)
                              C:/ST/STM32CubeIDE_1.16.0/STM32CubeIDE/plugins/com.st.stm32cube.ide.mcu.externaltools.gnu-tools-for-stm32.12.3.rel1.win32_1.0.200.202406191623/tools/bin/../lib/gcc/arm-none-eabi/12.3.1/../../../../arm-none-eabi/lib/thumb/v7e-m+fp/hard/crt0.o (exit)
C:/ST/STM32CubeIDE_1.16.0/STM32CubeIDE/plugins/com.st.stm32cube.ide.mcu.externaltools.gnu-tools-for-stm32.12.3.rel1.win32_1.0.200.202406191623/tools/bin/../lib/gcc/arm-none-eabi/12.3.1/../../../../arm-none-eabi/lib/thumb/v7e-m+fp/hard\libc_nano.a(libc_a-findfp.o)
                              C:/ST/STM32CubeIDE_1.16.0/STM32CubeIDE/plugins/com.st.stm32cube.ide.mcu.externaltools.gnu-tools-for-stm32.12.3.rel1.win32_1.0.200.202406191623/tools/bin/../lib/gcc/arm-none-eabi/12.3.1/../../../../arm-none-eabi/lib/thumb/v7e-m+fp/hard\libc_nano.a(libc_a-exit.o) (__stdio_exit_handler)
C:/ST/STM32CubeIDE_1.16.0/STM32CubeIDE/plugins/com.st.stm32cube.ide.mcu.externaltools.gnu-tools-for-stm32.12.3.rel1.win32_1.0.200.202406191623/tools/bin/../lib/gcc/arm-none-eabi/12.3.1/../../../../arm-none-eabi/lib/thumb/v7e-m+fp/hard\libc_nano.a(libc_a-fwalk.o)
                              C:/ST/STM32CubeIDE_1.16.0/STM32CubeIDE/plugins/com.st.stm32cube.ide.mcu.externaltools.gnu-tools-for-stm32.12.3.rel1.win32_1.0.200.202406191623/tools/bin/../lib/gcc/arm-none-eabi/12.3.1/../../../../arm-none-eabi/lib/thumb/v7e-m+fp/hard\libc_nano.a(libc_a-findfp.o) (_fwalk_sglue)
C:/ST/STM32CubeIDE_1.16.0/STM32CubeIDE/plugins/com.st.stm32cube.ide.mcu.externaltools.gnu-tools-for-stm32.12.3.rel1.win32_1.0.200.202406191623/tools/bin/../lib/gcc/arm-none-eabi/12.3.1/../../../../arm-none-eabi/lib/thumb/v7e-m+fp/hard\libc_nano.a(libc_a-printf.o)
                              ./Core/Src/main.o (printf)
C:/ST/STM32CubeIDE_1.16.0/STM32CubeIDE/plugins/com.st.stm32cube.ide.mcu.externaltools.gnu-tools-for-stm32.12.3.rel1.win32_1.0.200.202406191623/tools/bin/../lib/gcc/arm-none-eabi/12.3.1/../../../../arm-none-eabi/lib/thumb/v7e-m+fp/hard\libc_nano.a(libc_a-puts.o)
                              ./Core/Src/main.o (puts)
C:/ST/STM32CubeIDE_1.16.0/STM32CubeIDE/plugins/com.st.stm32cube.ide.mcu.externaltools.gnu-tools-for-stm32.12.3.rel1.win32_1.0.200.202406191623/tools/bin/../lib/gcc/arm-none-eabi/12.3.1/../../../../arm-none-eabi/lib/thumb/v7e-m+fp/hard\libc_nano.a(libc_a-stdio.o)
                              C:/ST/STM32CubeIDE_1.16.0/STM32CubeIDE/plugins/com.st.stm32cube.ide.mcu.externaltools.gnu-tools-for-stm32.12.3.rel1.win32_1.0.200.202406191623/tools/bin/../lib/gcc/arm-none-eabi/12.3.1/../../../../arm-none-eabi/lib/thumb/v7e-m+fp/hard\libc_nano.a(libc_a-findfp.o) (__sread)
C:/ST/STM32CubeIDE_1.16.0/STM32CubeIDE/plugins/com.st.stm32cube.ide.mcu.externaltools.gnu-tools-for-stm32.12.3.rel1.win32_1.0.200.202406191623/tools/bin/../lib/gcc/arm-none-eabi/12.3.1/../../../../arm-none-eabi/lib/thumb/v7e-m+fp/hard\libc_nano.a(libc_a-wbuf.o)
                              C:/ST/STM32CubeIDE_1.16.0/STM32CubeIDE/plugins/com.st.stm32cube.ide.mcu.externaltools.gnu-tools-for-stm32.12.3.rel1.win32_1.0.200.202406191623/tools/bin/../lib/gcc/arm-none-eabi/12.3.1/../../../../arm-none-eabi/lib/thumb/v7e-m+fp/hard\libc_nano.a(libc_a-puts.o) (__swbuf_r)
C:/ST/STM32CubeIDE_1.16.0/STM32CubeIDE/plugins/com.st.stm32cube.ide.mcu.externaltools.gnu-tools-for-stm32.12.3.rel1.win32_1.0.200.202406191623/tools/bin/../lib/gcc/arm-none-eabi/12.3.1/../../../../arm-none-eabi/lib/thumb/v7e-m+fp/hard\libc_nano.a(libc_a-wsetup.o)
                              C:/ST/STM32CubeIDE_1.16.0/STM32CubeIDE/plugins/com.st.stm32cube.ide.mcu.externaltools.gnu-tools-for-stm32.12.3.rel1.win32_1.0.200.202406191623/tools/bin/../lib/gcc/arm-none-eabi/12.3.1/../../../../arm-none-eabi/lib/thumb/v7e-m+fp/hard\libc_nano.a(libc_a-puts.o) (__swsetup_r)
C:/ST/STM32CubeIDE_1.16.0/STM32CubeIDE/plugins/com.st.stm32cube.ide.mcu.externaltools.gnu-tools-for-stm32.12.3.rel1.win32_1.0.200.202406191623/tools/bin/../lib/gcc/arm-none-eabi/12.3.1/../../../../arm-none-eabi/lib/thumb/v7e-m+fp/hard\libc_nano.a(libc_a-memset.o)
                              C:/ST/STM32CubeIDE_1.16.0/STM32CubeIDE/plugins/com.st.stm32cube.ide.mcu.externaltools.gnu-tools-for-stm32.12.3.rel1.win32_1.0.200.202406191623/tools/bin/../lib/gcc/arm-none-eabi/12.3.1/../../../../arm-none-eabi/lib/thumb/v7e-m+fp/hard/crt0.o (memset)
C:/ST/STM32CubeIDE_1.16.0/STM32CubeIDE/plugins/com.st.stm32cube.ide.mcu.externaltools.gnu-tools-for-stm32.12.3.rel1.win32_1.0.200.202406191623/tools/bin/../lib/gcc/arm-none-eabi/12.3.1/../../../../arm-none-eabi/lib/thumb/v7e-m+fp/hard\libc_nano.a(libc_a-closer.o)
[...]
Memory Configuration

Name             Origin             Length             Attributes
RAM              0x20000000         0x00008000         xrw
FLASH            0x08000000         0x00020000         xr
*default*        0x00000000         0xffffffff

Linker script and memory map

LOAD C:/ST/STM32CubeIDE_1.16.0/STM32CubeIDE/plugins/com.st.stm32cube.ide.mcu.externaltools.gnu-tools-for-stm32.12.3.rel1.win32_1.0.200.202406191623/tools/bin/../lib/gcc/arm-none-eabi/12.3.1/thumb/v7e-m+fp/hard/crti.o
LOAD C:/ST/STM32CubeIDE_1.16.0/STM32CubeIDE/plugins/com.st.stm32cube.ide.mcu.externaltools.gnu-tools-for-stm32.12.3.rel1.win32_1.0.200.202406191623/tools/bin/../lib/gcc/arm-none-eabi/12.3.1/thumb/v7e-m+fp/hard/crtbegin.o
LOAD C:/ST/STM32CubeIDE_1.16.0/STM32CubeIDE/plugins/com.st.stm32cube.ide.mcu.externaltools.gnu-tools-for-stm32.12.3.rel1.win32_1.0.200.202406191623/tools/bin/../lib/gcc/arm-none-eabi/12.3.1/../../../../arm-none-eabi/lib/thumb/v7e-m+fp/hard/crt0.o
LOAD ./Core/Src/adc.o
LOAD ./Core/Src/gpio.o
LOAD ./Core/Src/main.o
LOAD ./Core/Src/midi.o
LOAD ./Core/Src/screen.o
LOAD ./Core/Src/stm32g4xx_hal_msp.o
LOAD ./Core/Src/stm32g4xx_it.o
LOAD ./Core/Src/syscalls.o
LOAD ./Core/Src/sysmem.o
LOAD ./Core/Src/system_stm32g4xx.o
LOAD ./Core/Src/tim.o
LOAD ./Core/Src/usart.o
LOAD ./Core/Startup/startup_stm32g431kbtx.o
LOAD ./Drivers/STM32G4xx_HAL_Driver/Src/stm32g4xx_hal.o
LOAD ./Drivers/STM32G4xx_HAL_Driver/Src/stm32g4xx_hal_adc.o
LOAD ./Drivers/STM32G4xx_HAL_Driver/Src/stm32g4xx_hal_adc_ex.o
LOAD ./Drivers/STM32G4xx_HAL_Driver/Src/stm32g4xx_hal_cortex.o
LOAD ./Drivers/STM32G4xx_HAL_Driver/Src/stm32g4xx_hal_dma.o
LOAD ./Drivers/STM32G4xx_HAL_Driver/Src/stm32g4xx_hal_dma_ex.o
LOAD ./Drivers/STM32G4xx_HAL_Driver/Src/stm32g4xx_hal_exti.o
LOAD ./Drivers/STM32G4xx_HAL_Driver/Src/stm32g4xx_hal_flash.o
LOAD ./Drivers/STM32G4xx_HAL_Driver/Src/stm32g4xx_hal_flash_ex.o
LOAD ./Drivers/STM32G4xx_HAL_Driver/Src/stm32g4xx_hal_flash_ramfunc.o
LOAD ./Drivers/STM32G4xx_HAL_Driver/Src/stm32g4xx_hal_gpio.o
LOAD ./Drivers/STM32G4xx_HAL_Driver/Src/stm32g4xx_hal_pwr.o
LOAD ./Drivers/STM32G4xx_HAL_Driver/Src/stm32g4xx_hal_pwr_ex.o
LOAD ./Drivers/STM32G4xx_HAL_Driver/Src/stm32g4xx_hal_rcc.o
LOAD ./Drivers/STM32G4xx_HAL_Driver/Src/stm32g4xx_hal_rcc_ex.o
LOAD ./Drivers/STM32G4xx_HAL_Driver/Src/stm32g4xx_hal_tim.o
LOAD ./Drivers/STM32G4xx_HAL_Driver/Src/stm32g4xx_hal_tim_ex.o
LOAD ./Drivers/STM32G4xx_HAL_Driver/Src/stm32g4xx_hal_uart.o
LOAD ./Drivers/STM32G4xx_HAL_Driver/Src/stm32g4xx_hal_uart_ex.o
LOAD ./Drivers/STM32G4xx_HAL_Driver/Src/stm32g4xx_ll_adc.o
START GROUP
LOAD C:/ST/STM32CubeIDE_1.16.0/STM32CubeIDE/plugins/com.st.stm32cube.ide.mcu.externaltools.gnu-tools-for-stm32.12.3.rel1.win32_1.0.200.202406191623/tools/bin/../lib/gcc/arm-none-eabi/12.3.1/../../../../arm-none-eabi/lib/thumb/v7e-m+fp/hard\libc_nano.a
LOAD C:/ST/STM32CubeIDE_1.16.0/STM32CubeIDE/plugins/com.st.stm32cube.ide.mcu.externaltools.gnu-tools-for-stm32.12.3.rel1.win32_1.0.200.202406191623/tools/bin/../lib/gcc/arm-none-eabi/12.3.1/../../../../arm-none-eabi/lib/thumb/v7e-m+fp/hard\libm.a
END GROUP
START GROUP
LOAD C:/ST/STM32CubeIDE_1.16.0/STM32CubeIDE/plugins/com.st.stm32cube.ide.mcu.externaltools.gnu-tools-for-stm32.12.3.rel1.win32_1.0.200.202406191623/tools/bin/../lib/gcc/arm-none-eabi/12.3.1/thumb/v7e-m+fp/hard\libgcc.a
LOAD C:/ST/STM32CubeIDE_1.16.0/STM32CubeIDE/plugins/com.st.stm32cube.ide.mcu.externaltools.gnu-tools-for-stm32.12.3.rel1.win32_1.0.200.202406191623/tools/bin/../lib/gcc/arm-none-eabi/12.3.1/../../../../arm-none-eabi/lib/thumb/v7e-m+fp/hard\libc_nano.a
END GROUP
START GROUP
LOAD C:/ST/STM32CubeIDE_1.16.0/STM32CubeIDE/plugins/com.st.stm32cube.ide.mcu.externaltools.gnu-tools-for-stm32.12.3.rel1.win32_1.0.200.202406191623/tools/bin/../lib/gcc/arm-none-eabi/12.3.1/thumb/v7e-m+fp/hard\libgcc.a
LOAD C:/ST/STM32CubeIDE_1.16.0/STM32CubeIDE/plugins/com.st.stm32cube.ide.mcu.externaltools.gnu-tools-for-stm32.12.3.rel1.win32_1.0.200.202406191623/tools/bin/../lib/gcc/arm-none-eabi/12.3.1/../../../../arm-none-eabi/lib/thumb/v7e-m+fp/hard\libc_nano.a
LOAD C:/ST/STM32CubeIDE_1.16.0/STM32CubeIDE/plugins/com.st.stm32cube.ide.mcu.externaltools.gnu-tools-for-stm32.12.3.rel1.win32_1.0.200.202406191623/tools/bin/../lib/gcc/arm-none-eabi/12.3.1/../../../../arm-none-eabi/lib/thumb/v7e-m+fp/hard\libnosys.a
END GROUP
START GROUP
LOAD C:/ST/STM32CubeIDE_1.16.0/STM32CubeIDE/plugins/com.st.stm32cube.ide.mcu.externaltools.gnu-tools-for-stm32.12.3.rel1.win32_1.0.200.202406191623/tools/bin/../lib/gcc/arm-none-eabi/12.3.1/thumb/v7e-m+fp/hard\libgcc.a
LOAD C:/ST/STM32CubeIDE_1.16.0/STM32CubeIDE/plugins/com.st.stm32cube.ide.mcu.externaltools.gnu-tools-for-stm32.12.3.rel1.win32_1.0.200.202406191623/tools/bin/../lib/gcc/arm-none-eabi/12.3.1/../../../../arm-none-eabi/lib/thumb/v7e-m+fp/hard\libc_nano.a
LOAD C:/ST/STM32CubeIDE_1.16.0/STM32CubeIDE/plugins/com.st.stm32cube.ide.mcu.externaltools.gnu-tools-for-stm32.12.3.rel1.win32_1.0.200.202406191623/tools/bin/../lib/gcc/arm-none-eabi/12.3.1/../../../../arm-none-eabi/lib/thumb/v7e-m+fp/hard\libnosys.a
END GROUP
LOAD C:/ST/STM32CubeIDE_1.16.0/STM32CubeIDE/plugins/com.st.stm32cube.ide.mcu.externaltools.gnu-tools-for-stm32.12.3.rel1.win32_1.0.200.202406191623/tools/bin/../lib/gcc/arm-none-eabi/12.3.1/thumb/v7e-m+fp/hard/crtend.o
LOAD C:/ST/STM32CubeIDE_1.16.0/STM32CubeIDE/plugins/com.st.stm32cube.ide.mcu.externaltools.gnu-tools-for-stm32.12.3.rel1.win32_1.0.200.202406191623/tools/bin/../lib/gcc/arm-none-eabi/12.3.1/thumb/v7e-m+fp/hard/crtn.o
                0x20008000                        _estack = (ORIGIN (RAM) + LENGTH (RAM))
                0x00000200                        _Min_Heap_Size = 0x200
                0x00000400                        _Min_Stack_Size = 0x400

.isr_vector     0x08000000      0x1d8
                0x08000000                        . = ALIGN (0x4)
 *(.isr_vector)
 .isr_vector    0x08000000      0x1d8 ./Core/Startup/startup_stm32g431kbtx.o
                0x08000000                g_pfnVectors
                0x080001d8                        . = ALIGN (0x4)

.text           0x080001e0     0x6388
                0x080001e0                        . = ALIGN (0x4)
 *(.text)
 .text          0x080001e0       0x40 C:/ST/STM32CubeIDE_1.16.0/STM32CubeIDE/plugins/com.st.stm32cube.ide.mcu.externaltools.gnu-tools-for-stm32.12.3.rel1.win32_1.0.200.202406191623/tools/bin/../lib/gcc/arm-none-eabi/12.3.1/thumb/v7e-m+fp/hard/crtbegin.o
 .text          0x08000220       0xa0 C:/ST/STM32CubeIDE_1.16.0/STM32CubeIDE/plugins/com.st.stm32cube.ide.mcu.externaltools.gnu-tools-for-stm32.12.3.rel1.win32_1.0.200.202406191623/tools/bin/../lib/gcc/arm-none-eabi/12.3.1/../../../../arm-none-eabi/lib/thumb/v7e-m+fp/hard\libc_nano.a(libc_a-memchr.o)
                0x08000220                memchr
 .text          0x080002c0       0x30 C:/ST/STM32CubeIDE_1.16.0/STM32CubeIDE/plugins/com.st.stm32cube.ide.mcu.externaltools.gnu-tools-for-stm32.12.3.rel1.win32_1.0.200.202406191623/tools/bin/../lib/gcc/arm-none-eabi/12.3.1/thumb/v7e-m+fp/hard\libgcc.a(_aeabi_uldivmod.o)
                0x080002c0                __aeabi_uldivmod
 .text          0x080002f0      0x2bc C:/ST/STM32CubeIDE_1.16.0/STM32CubeIDE/plugins/com.st.stm32cube.ide.mcu.externaltools.gnu-tools-for-stm32.12.3.rel1.win32_1.0.200.202406191623/tools/bin/../lib/gcc/arm-none-eabi/12.3.1/thumb/v7e-m+fp/hard\libgcc.a(_udivmoddi4.o)
                0x080002f0                __udivmoddi4
 .text          0x080005ac        0x4 C:/ST/STM32CubeIDE_1.16.0/STM32CubeIDE/plugins/com.st.stm32cube.ide.mcu.externaltools.gnu-tools-for-stm32.12.3.rel1.win32_1.0.200.202406191623/tools/bin/../lib/gcc/arm-none-eabi/12.3.1/thumb/v7e-m+fp/hard\libgcc.a(_dvmd_tls.o)
                0x080005ac                __aeabi_idiv0
                0x080005ac                __aeabi_ldiv0
 *(.text*)
 .text.MX_ADC1_Init
                0x080005b0       0xf0 ./Core/Src/adc.o
                0x080005b0                MX_ADC1_Init
 .text.HAL_ADC_MspInit
                0x080006a0       0xa8 ./Core/Src/adc.o
                0x080006a0                HAL_ADC_MspInit
 .text.MX_GPIO_Init
                0x08000748      0x144 ./Core/Src/gpio.o
                0x08000748                MX_GPIO_Init
 .text.__io_putchar
                0x0800088c       0x24 ./Core/Src/main.o
                0x0800088c                __io_putchar
 .text.HAL_TIM_PeriodElapsedCallback
                0x080008b0       0x24 ./Core/Src/main.o
                0x080008b0                HAL_TIM_PeriodElapsedCallback
 .text.HAL_GPIO_EXTI_Callback
                0x080008d4       0xf4 ./Core/Src/main.o
                0x080008d4                HAL_GPIO_EXTI_Callback
 .text.main     0x080009c8       0x2c ./Core/Src/main.o
                0x080009c8                main
 .text.SystemClock_Config
                0x080009f4       0x96 ./Core/Src/main.o
                0x080009f4                SystemClock_Config
 .text.Error_Handler
                0x08000a8a        0xc ./Core/Src/main.o
                0x08000a8a                Error_Handler
 *fill*         0x08000a96        0x2 
 .text.ProgramChange
                0x08000a98       0x2c ./Core/Src/midi.o
                0x08000a98                ProgramChange
 .text.ControlChange
                0x08000ac4       0x34 ./Core/Src/midi.o
                0x08000ac4                ControlChange
 .text.ADCValue
                0x08000af8       0x4c ./Core/Src/midi.o
                0x08000af8                ADCValue
 .text.screenDisplay
                0x08000b44       0x94 ./Core/Src/screen.o
                0x08000b44                screenDisplay
 .text.HAL_MspInit
                0x08000bd8       0x48 ./Core/Src/stm32g4xx_hal_msp.o
                0x08000bd8                HAL_MspInit
 .text.NMI_Handler
                0x08000c20        0x8 ./Core/Src/stm32g4xx_it.o
                0x08000c20                NMI_Handler
 .text.HardFault_Handler
                0x08000c28        0x8 ./Core/Src/stm32g4xx_it.o
                0x08000c28                HardFault_Handler
 .text.MemManage_Handler
                0x08000c30        0x8 ./Core/Src/stm32g4xx_it.o
                0x08000c30                MemManage_Handler
 .text.BusFault_Handler
                0x08000c38        0x8 ./Core/Src/stm32g4xx_it.o
                0x08000c38                BusFault_Handler
 .text.UsageFault_Handler
                0x08000c40        0x8 ./Core/Src/stm32g4xx_it.o
                0x08000c40                UsageFault_Handler
 .text.SVC_Handler
                0x08000c48        0xe ./Core/Src/stm32g4xx_it.o
                0x08000c48                SVC_Handler
 .text.DebugMon_Handler
                0x08000c56        0xe ./Core/Src/stm32g4xx_it.o
                0x08000c56                DebugMon_Handler
 .text.PendSV_Handler
                0x08000c64        0xe ./Core/Src/stm32g4xx_it.o
                0x08000c64                PendSV_Handler
 .text.SysTick_Handler
                0x08000c72        0xc ./Core/Src/stm32g4xx_it.o
                0x08000c72                SysTick_Handler
 *fill*         0x08000c7e        0x2 
 .text.TIM4_IRQHandler
                0x08000c80       0x14 ./Core/Src/stm32g4xx_it.o
                0x08000c80                TIM4_IRQHandler
 .text.EXTI15_10_IRQHandler
                0x08000c94       0x18 ./Core/Src/stm32g4xx_it.o
                0x08000c94                EXTI15_10_IRQHandler
 .text._read    0x08000cac       0x3a ./Core/Src/syscalls.o
                0x08000cac                _read
 .text._write   0x08000ce6       0x38 ./Core/Src/syscalls.o
                0x08000ce6                _write
 .text._close   0x08000d1e       0x18 ./Core/Src/syscalls.o
                0x08000d1e                _close
 .text._fstat   0x08000d36       0x20 ./Core/Src/syscalls.o
                0x08000d36                _fstat
 .text._isatty  0x08000d56       0x16 ./Core/Src/syscalls.o
                0x08000d56                _isatty
 .text._lseek   0x08000d6c       0x1a ./Core/Src/syscalls.o
                0x08000d6c                _lseek
 *fill*         0x08000d86        0x2 
 .text._sbrk    0x08000d88       0x6c ./Core/Src/sysmem.o
                0x08000d88                _sbrk
 .text.SystemInit
                0x08000df4       0x24 ./Core/Src/system_stm32g4xx.o
                0x08000df4                SystemInit
 .text.MX_TIM4_Init
                0x08000e18       0x9c ./Core/Src/tim.o
                0x08000e18                MX_TIM4_Init
 .text.HAL_TIM_Base_MspInit
                0x08000eb4       0x4c ./Core/Src/tim.o
                0x08000eb4                HAL_TIM_Base_MspInit
 .text.MX_USART1_UART_Init
                0x08000f00       0xa0 ./Core/Src/usart.o
                0x08000f00                MX_USART1_UART_Init
 .text.HAL_UART_MspInit
                0x08000fa0       0xb0 ./Core/Src/usart.o
                0x08000fa0                HAL_UART_MspInit
 .text.Reset_Handler
                0x08001050       0x50 ./Core/Startup/startup_stm32g431kbtx.o
                0x08001050                Reset_Handler
 .text.Default_Handler
                0x080010a0        0x2 ./Core/Startup/startup_stm32g431kbtx.o
                0x080010a0                RTC_Alarm_IRQHandler
                0x080010a0                EXTI2_IRQHandler
                0x080010a0                TIM8_TRG_COM_IRQHandler
                0x080010a0                TIM8_CC_IRQHandler
                0x080010a0                TIM1_CC_IRQHandler
                0x080010a0                USB_HP_IRQHandler
                0x080010a0                CORDIC_IRQHandler
                0x080010a0                EXTI3_IRQHandler
                0x080010a0                I2C3_ER_IRQHandler
                0x080010a0                EXTI0_IRQHandler
                0x080010a0                I2C2_EV_IRQHandler
                0x080010a0                FPU_IRQHandler
                0x080010a0                FDCAN1_IT1_IRQHandler
                0x080010a0                TIM1_UP_TIM16_IRQHandler
                0x080010a0                ADC1_2_IRQHandler
                0x080010a0                SPI1_IRQHandler
                0x080010a0                TIM6_DAC_IRQHandler
                0x080010a0                TIM8_UP_IRQHandler
                0x080010a0                DMA2_Channel2_IRQHandler
                0x080010a0                DMA1_Channel4_IRQHandler
                0x080010a0                USART3_IRQHandler
                0x080010a0                DMA2_Channel1_IRQHandler
                0x080010a0                I2C1_EV_IRQHandler
                0x080010a0                DMA1_Channel6_IRQHandler
                0x080010a0                UART4_IRQHandler
                0x080010a0                DMA2_Channel4_IRQHandler
                0x080010a0                TIM3_IRQHandler
                0x080010a0                RCC_IRQHandler
                0x080010a0                DMA1_Channel1_IRQHandler
                0x080010a0                Default_Handler
                0x080010a0                RTC_TAMP_LSECSS_IRQHandler
                0x080010a0                FMAC_IRQHandler
                0x080010a0                TIM7_IRQHandler
                0x080010a0                UCPD1_IRQHandler
                0x080010a0                I2C3_EV_IRQHandler
                0x080010a0                EXTI9_5_IRQHandler
                0x080010a0                RTC_WKUP_IRQHandler
                0x080010a0                PVD_PVM_IRQHandler
                0x080010a0                SPI2_IRQHandler
                0x080010a0                DMA2_Channel5_IRQHandler
                0x080010a0                CRS_IRQHandler
                0x080010a0                DMA1_Channel5_IRQHandler
                0x080010a0                USB_LP_IRQHandler
                0x080010a0                EXTI4_IRQHandler
                0x080010a0                RNG_IRQHandler
                0x080010a0                TIM1_TRG_COM_TIM17_IRQHandler
                0x080010a0                DMA1_Channel3_IRQHandler
                0x080010a0                WWDG_IRQHandler
                0x080010a0                LPUART1_IRQHandler
                0x080010a0                DMA2_Channel6_IRQHandler
                0x080010a0                FDCAN1_IT0_IRQHandler
                0x080010a0                TIM2_IRQHandler
                0x080010a0                COMP1_2_3_IRQHandler
                0x080010a0                EXTI1_IRQHandler
                0x080010a0                USART2_IRQHandler
                0x080010a0                I2C2_ER_IRQHandler
                0x080010a0                DMA1_Channel2_IRQHandler
                0x080010a0                TIM8_BRK_IRQHandler
                0x080010a0                FLASH_IRQHandler
                0x080010a0                USART1_IRQHandler
                0x080010a0                SPI3_IRQHandler
                0x080010a0                I2C1_ER_IRQHandler
                0x080010a0                LPTIM1_IRQHandler
                0x080010a0                DMAMUX_OVR_IRQHandler
                0x080010a0                USBWakeUp_IRQHandler
                0x080010a0                SAI1_IRQHandler
                0x080010a0                DMA2_Channel3_IRQHandler
                0x080010a0                COMP4_IRQHandler
                0x080010a0                TIM1_BRK_TIM15_IRQHandler
 .text.HAL_Init
                0x080010a2       0x30 ./Drivers/STM32G4xx_HAL_Driver/Src/stm32g4xx_hal.o
                0x080010a2                HAL_Init
 *fill*         0x080010d2        0x2 
 .text.HAL_InitTick
                0x080010d4       0x74 ./Drivers/STM32G4xx_HAL_Driver/Src/stm32g4xx_hal.o
                0x080010d4                HAL_InitTick
 .text.HAL_IncTick
                0x08001148       0x24 ./Drivers/STM32G4xx_HAL_Driver/Src/stm32g4xx_hal.o
                0x08001148                HAL_IncTick
 .text.HAL_GetTick
                0x0800116c       0x18 ./Drivers/STM32G4xx_HAL_Driver/Src/stm32g4xx_hal.o
                0x0800116c                HAL_GetTick
 .text.LL_ADC_SetCommonClock
                0x08001184       0x26 ./Drivers/STM32G4xx_HAL_Driver/Src/stm32g4xx_hal_adc.o
 .text.LL_ADC_SetCommonPathInternalCh
                0x080011aa       0x26 ./Drivers/STM32G4xx_HAL_Driver/Src/stm32g4xx_hal_adc.o
 .text.LL_ADC_GetCommonPathInternalCh
                0x080011d0       0x1c ./Drivers/STM32G4xx_HAL_Driver/Src/stm32g4xx_hal_adc.o
 .text.LL_ADC_SetOffset
                0x080011ec       0x48 ./Drivers/STM32G4xx_HAL_Driver/Src/stm32g4xx_hal_adc.o
 .text.LL_ADC_GetOffsetChannel
                0x08001234       0x2c ./Drivers/STM32G4xx_HAL_Driver/Src/stm32g4xx_hal_adc.o
 .text.LL_ADC_SetOffsetState
                0x08001260       0x36 ./Drivers/STM32G4xx_HAL_Driver/Src/stm32g4xx_hal_adc.o
 .text.LL_ADC_SetOffsetSign
                0x08001296       0x36 ./Drivers/STM32G4xx_HAL_Driver/Src/stm32g4xx_hal_adc.o
 .text.LL_ADC_SetOffsetSaturation
                0x080012cc       0x36 ./Drivers/STM32G4xx_HAL_Driver/Src/stm32g4xx_hal_adc.o
 .text.LL_ADC_SetSamplingTimeCommonConfig
                0x08001302       0x26 ./Drivers/STM32G4xx_HAL_Driver/Src/stm32g4xx_hal_adc.o
 .text.LL_ADC_REG_IsTriggerSourceSWStart
                0x08001328       0x26 ./Drivers/STM32G4xx_HAL_Driver/Src/stm32g4xx_hal_adc.o
 .text.LL_ADC_REG_SetSequencerRanks
                0x0800134e       0x58 ./Drivers/STM32G4xx_HAL_Driver/Src/stm32g4xx_hal_adc.o
 .text.LL_ADC_SetChannelSamplingTime
                0x080013a6       0x56 ./Drivers/STM32G4xx_HAL_Driver/Src/stm32g4xx_hal_adc.o
 .text.LL_ADC_SetChannelSingleDiff
                0x080013fc       0x48 ./Drivers/STM32G4xx_HAL_Driver/Src/stm32g4xx_hal_adc.o
 .text.LL_ADC_GetMultimode
                0x08001444       0x1c ./Drivers/STM32G4xx_HAL_Driver/Src/stm32g4xx_hal_adc.o
 .text.LL_ADC_GetMultiDMATransfer
                0x08001460       0x1c ./Drivers/STM32G4xx_HAL_Driver/Src/stm32g4xx_hal_adc.o
 .text.LL_ADC_DisableDeepPowerDown
                0x0800147c       0x24 ./Drivers/STM32G4xx_HAL_Driver/Src/stm32g4xx_hal_adc.o
 .text.LL_ADC_IsDeepPowerDownEnabled
                0x080014a0       0x28 ./Drivers/STM32G4xx_HAL_Driver/Src/stm32g4xx_hal_adc.o
 .text.LL_ADC_EnableInternalRegulator
                0x080014c8       0x28 ./Drivers/STM32G4xx_HAL_Driver/Src/stm32g4xx_hal_adc.o
 .text.LL_ADC_IsInternalRegulatorEnabled
                0x080014f0       0x28 ./Drivers/STM32G4xx_HAL_Driver/Src/stm32g4xx_hal_adc.o
 .text.LL_ADC_Enable
                0x08001518       0x28 ./Drivers/STM32G4xx_HAL_Driver/Src/stm32g4xx_hal_adc.o
 .text.LL_ADC_Disable
                0x08001540       0x28 ./Drivers/STM32G4xx_HAL_Driver/Src/stm32g4xx_hal_adc.o
 .text.LL_ADC_IsEnabled
                0x08001568       0x26 ./Drivers/STM32G4xx_HAL_Driver/Src/stm32g4xx_hal_adc.o
 .text.LL_ADC_IsDisableOngoing
                0x0800158e       0x26 ./Drivers/STM32G4xx_HAL_Driver/Src/stm32g4xx_hal_adc.o
 .text.LL_ADC_REG_StartConversion
                0x080015b4       0x28 ./Drivers/STM32G4xx_HAL_Driver/Src/stm32g4xx_hal_adc.o
 .text.LL_ADC_REG_StopConversion
                0x080015dc       0x28 ./Drivers/STM32G4xx_HAL_Driver/Src/stm32g4xx_hal_adc.o
 .text.LL_ADC_REG_IsConversionOngoing
                0x08001604       0x26 ./Drivers/STM32G4xx_HAL_Driver/Src/stm32g4xx_hal_adc.o
 .text.LL_ADC_INJ_StopConversion
                0x0800162a       0x28 ./Drivers/STM32G4xx_HAL_Driver/Src/stm32g4xx_hal_adc.o
 .text.LL_ADC_INJ_IsConversionOngoing
                0x08001652       0x26 ./Drivers/STM32G4xx_HAL_Driver/Src/stm32g4xx_hal_adc.o
 .text.HAL_ADC_Init
                0x08001678      0x308 ./Drivers/STM32G4xx_HAL_Driver/Src/stm32g4xx_hal_adc.o
                0x08001678                HAL_ADC_Init
 .text.HAL_ADC_Start
                0x08001980      0x178 ./Drivers/STM32G4xx_HAL_Driver/Src/stm32g4xx_hal_adc.o
                0x08001980                HAL_ADC_Start
 .text.HAL_ADC_Stop
                0x08001af8       0x66 ./Drivers/STM32G4xx_HAL_Driver/Src/stm32g4xx_hal_adc.o
                0x08001af8                HAL_ADC_Stop
 *fill*         0x08001b5e        0x2 
 .text.HAL_ADC_PollForConversion
                0x08001b60      0x1b0 ./Drivers/STM32G4xx_HAL_Driver/Src/stm32g4xx_hal_adc.o
                0x08001b60                HAL_ADC_PollForConversion
 .text.HAL_ADC_GetValue
                0x08001d10       0x1a ./Drivers/STM32G4xx_HAL_Driver/Src/stm32g4xx_hal_adc.o
                0x08001d10                HAL_ADC_GetValue
 *fill*         0x08001d2a        0x2 
 .text.HAL_ADC_ConfigChannel
                0x08001d2c      0x7e0 ./Drivers/STM32G4xx_HAL_Driver/Src/stm32g4xx_hal_adc.o
                0x08001d2c                HAL_ADC_ConfigChannel
 .text.ADC_ConversionStop
                0x0800250c      0x178 ./Drivers/STM32G4xx_HAL_Driver/Src/stm32g4xx_hal_adc.o
                0x0800250c                ADC_ConversionStop
 .text.ADC_Enable
                0x08002684      0x10c ./Drivers/STM32G4xx_HAL_Driver/Src/stm32g4xx_hal_adc.o
                0x08002684                ADC_Enable
 .text.ADC_Disable
                0x08002790       0xbe ./Drivers/STM32G4xx_HAL_Driver/Src/stm32g4xx_hal_adc.o
                0x08002790                ADC_Disable
 .text.LL_ADC_IsEnabled
                0x0800284e       0x26 ./Drivers/STM32G4xx_HAL_Driver/Src/stm32g4xx_hal_adc_ex.o
 .text.LL_ADC_REG_IsConversionOngoing
                0x08002874       0x26 ./Drivers/STM32G4xx_HAL_Driver/Src/stm32g4xx_hal_adc_ex.o
 *fill*         0x0800289a        0x2 
 .text.HAL_ADCEx_MultiModeConfigChannel
                0x0800289c      0x148 ./Drivers/STM32G4xx_HAL_Driver/Src/stm32g4xx_hal_adc_ex.o
                0x0800289c                HAL_ADCEx_MultiModeConfigChannel
 .text.__NVIC_SetPriorityGrouping
                0x080029e4       0x48 ./Drivers/STM32G4xx_HAL_Driver/Src/stm32g4xx_hal_cortex.o
 .text.__NVIC_GetPriorityGrouping
                0x08002a2c       0x1c ./Drivers/STM32G4xx_HAL_Driver/Src/stm32g4xx_hal_cortex.o
 .text.__NVIC_EnableIRQ
                0x08002a48       0x3c ./Drivers/STM32G4xx_HAL_Driver/Src/stm32g4xx_hal_cortex.o
 .text.__NVIC_SetPriority
                0x08002a84       0x54 ./Drivers/STM32G4xx_HAL_Driver/Src/stm32g4xx_hal_cortex.o
 .text.NVIC_EncodePriority
                0x08002ad8       0x66 ./Drivers/STM32G4xx_HAL_Driver/Src/stm32g4xx_hal_cortex.o
 *fill*         0x08002b3e        0x2 
 .text.SysTick_Config
                0x08002b40       0x44 ./Drivers/STM32G4xx_HAL_Driver/Src/stm32g4xx_hal_cortex.o
 .text.HAL_NVIC_SetPriorityGrouping
                0x08002b84       0x16 ./Drivers/STM32G4xx_HAL_Driver/Src/stm32g4xx_hal_cortex.o
                0x08002b84                HAL_NVIC_SetPriorityGrouping
 .text.HAL_NVIC_SetPriority
                0x08002b9a       0x34 ./Drivers/STM32G4xx_HAL_Driver/Src/stm32g4xx_hal_cortex.o
                0x08002b9a                HAL_NVIC_SetPriority
 .text.HAL_NVIC_EnableIRQ
                0x08002bce       0x1c ./Drivers/STM32G4xx_HAL_Driver/Src/stm32g4xx_hal_cortex.o
                0x08002bce                HAL_NVIC_EnableIRQ
 .text.HAL_SYSTICK_Config
                0x08002bea       0x18 ./Drivers/STM32G4xx_HAL_Driver/Src/stm32g4xx_hal_cortex.o
                0x08002bea                HAL_SYSTICK_Config
 *fill*         0x08002c02        0x2 
 .text.HAL_GPIO_Init
                0x08002c04      0x304 ./Drivers/STM32G4xx_HAL_Driver/Src/stm32g4xx_hal_gpio.o
                0x08002c04                HAL_GPIO_Init
 .text.HAL_GPIO_WritePin
                0x08002f08       0x30 ./Drivers/STM32G4xx_HAL_Driver/Src/stm32g4xx_hal_gpio.o
                0x08002f08                HAL_GPIO_WritePin
 .text.HAL_GPIO_EXTI_IRQHandler
                0x08002f38       0x30 ./Drivers/STM32G4xx_HAL_Driver/Src/stm32g4xx_hal_gpio.o
                0x08002f38                HAL_GPIO_EXTI_IRQHandler
 .text.HAL_PWREx_ControlVoltageScaling
                0x08002f68      0x148 ./Drivers/STM32G4xx_HAL_Driver/Src/stm32g4xx_hal_pwr_ex.o
                0x08002f68                HAL_PWREx_ControlVoltageScaling
 .text.HAL_PWREx_DisableUCPDDeadBattery
                0x080030b0       0x20 ./Drivers/STM32G4xx_HAL_Driver/Src/stm32g4xx_hal_pwr_ex.o
                0x080030b0                HAL_PWREx_DisableUCPDDeadBattery
 .text.HAL_RCC_OscConfig
                0x080030d0      0x624 ./Drivers/STM32G4xx_HAL_Driver/Src/stm32g4xx_hal_rcc.o
                0x080030d0                HAL_RCC_OscConfig
 .text.HAL_RCC_ClockConfig
                0x080036f4      0x278 ./Drivers/STM32G4xx_HAL_Driver/Src/stm32g4xx_hal_rcc.o
                0x080036f4                HAL_RCC_ClockConfig
 .text.HAL_RCC_GetSysClockFreq
                0x0800396c       0xc4 ./Drivers/STM32G4xx_HAL_Driver/Src/stm32g4xx_hal_rcc.o
                0x0800396c                HAL_RCC_GetSysClockFreq
 .text.HAL_RCC_GetHCLKFreq
                0x08003a30       0x18 ./Drivers/STM32G4xx_HAL_Driver/Src/stm32g4xx_hal_rcc.o
                0x08003a30                HAL_RCC_GetHCLKFreq
 .text.HAL_RCC_GetPCLK1Freq
                0x08003a48       0x2c ./Drivers/STM32G4xx_HAL_Driver/Src/stm32g4xx_hal_rcc.o
                0x08003a48                HAL_RCC_GetPCLK1Freq
 .text.HAL_RCC_GetPCLK2Freq
                0x08003a74       0x2c ./Drivers/STM32G4xx_HAL_Driver/Src/stm32g4xx_hal_rcc.o
                0x08003a74                HAL_RCC_GetPCLK2Freq
 .text.RCC_GetSysClockFreqFromPLLSource
                0x08003aa0       0x8c ./Drivers/STM32G4xx_HAL_Driver/Src/stm32g4xx_hal_rcc.o
 .text.HAL_RCCEx_PeriphCLKConfig
                0x08003b2c      0x3e0 ./Drivers/STM32G4xx_HAL_Driver/Src/stm32g4xx_hal_rcc_ex.o
                0x08003b2c                HAL_RCCEx_PeriphCLKConfig
 .text.HAL_TIM_Base_Init
                0x08003f0c       0xae ./Drivers/STM32G4xx_HAL_Driver/Src/stm32g4xx_hal_tim.o
                0x08003f0c                HAL_TIM_Base_Init
 .text.HAL_TIM_IRQHandler
                0x08003fba      0x29e ./Drivers/STM32G4xx_HAL_Driver/Src/stm32g4xx_hal_tim.o
                0x08003fba                HAL_TIM_IRQHandler
 .text.HAL_TIM_ConfigClockSource
                0x08004258      0x1f4 ./Drivers/STM32G4xx_HAL_Driver/Src/stm32g4xx_hal_tim.o
                0x08004258                HAL_TIM_ConfigClockSource
 .text.HAL_TIM_OC_DelayElapsedCallback
                0x0800444c       0x14 ./Drivers/STM32G4xx_HAL_Driver/Src/stm32g4xx_hal_tim.o
                0x0800444c                HAL_TIM_OC_DelayElapsedCallback
 .text.HAL_TIM_IC_CaptureCallback
                0x08004460       0x14 ./Drivers/STM32G4xx_HAL_Driver/Src/stm32g4xx_hal_tim.o
                0x08004460                HAL_TIM_IC_CaptureCallback
 .text.HAL_TIM_PWM_PulseFinishedCallback
                0x08004474       0x14 ./Drivers/STM32G4xx_HAL_Driver/Src/stm32g4xx_hal_tim.o
                0x08004474                HAL_TIM_PWM_PulseFinishedCallback
 .text.HAL_TIM_TriggerCallback
                0x08004488       0x14 ./Drivers/STM32G4xx_HAL_Driver/Src/stm32g4xx_hal_tim.o
                0x08004488                HAL_TIM_TriggerCallback
 .text.TIM_Base_SetConfig
                0x0800449c      0x138 ./Drivers/STM32G4xx_HAL_Driver/Src/stm32g4xx_hal_tim.o
                0x0800449c                TIM_Base_SetConfig
 .text.TIM_TI1_ConfigInputStage
                0x080045d4       0x5e ./Drivers/STM32G4xx_HAL_Driver/Src/stm32g4xx_hal_tim.o
 .text.TIM_TI2_ConfigInputStage
                0x08004632       0x60 ./Drivers/STM32G4xx_HAL_Driver/Src/stm32g4xx_hal_tim.o
 .text.TIM_ITRx_SetConfig
                0x08004692       0x3a ./Drivers/STM32G4xx_HAL_Driver/Src/stm32g4xx_hal_tim.o
 .text.TIM_ETR_SetConfig
                0x080046cc       0x40 ./Drivers/STM32G4xx_HAL_Driver/Src/stm32g4xx_hal_tim.o
                0x080046cc                TIM_ETR_SetConfig
 .text.HAL_TIMEx_MasterConfigSynchronization
                0x0800470c      0x104 ./Drivers/STM32G4xx_HAL_Driver/Src/stm32g4xx_hal_tim_ex.o
                0x0800470c                HAL_TIMEx_MasterConfigSynchronization
 .text.HAL_TIMEx_CommutCallback
                0x08004810       0x14 ./Drivers/STM32G4xx_HAL_Driver/Src/stm32g4xx_hal_tim_ex.o
                0x08004810                HAL_TIMEx_CommutCallback
 .text.HAL_TIMEx_BreakCallback
                0x08004824       0x14 ./Drivers/STM32G4xx_HAL_Driver/Src/stm32g4xx_hal_tim_ex.o
                0x08004824                HAL_TIMEx_BreakCallback
 .text.HAL_TIMEx_Break2Callback
                0x08004838       0x14 ./Drivers/STM32G4xx_HAL_Driver/Src/stm32g4xx_hal_tim_ex.o
                0x08004838                HAL_TIMEx_Break2Callback
 .text.HAL_TIMEx_EncoderIndexCallback
                0x0800484c       0x14 ./Drivers/STM32G4xx_HAL_Driver/Src/stm32g4xx_hal_tim_ex.o
                0x0800484c                HAL_TIMEx_EncoderIndexCallback
 .text.HAL_TIMEx_DirectionChangeCallback
                0x08004860       0x14 ./Drivers/STM32G4xx_HAL_Driver/Src/stm32g4xx_hal_tim_ex.o
                0x08004860                HAL_TIMEx_DirectionChangeCallback
 .text.HAL_TIMEx_IndexErrorCallback
                0x08004874       0x14 ./Drivers/STM32G4xx_HAL_Driver/Src/stm32g4xx_hal_tim_ex.o
                0x08004874                HAL_TIMEx_IndexErrorCallback
 .text.HAL_TIMEx_TransitionErrorCallback
                0x08004888       0x14 ./Drivers/STM32G4xx_HAL_Driver/Src/stm32g4xx_hal_tim_ex.o
                0x08004888                HAL_TIMEx_TransitionErrorCallback
 .text.HAL_UART_Init
                0x0800489c       0xa0 ./Drivers/STM32G4xx_HAL_Driver/Src/stm32g4xx_hal_uart.o
                0x0800489c                HAL_UART_Init
 .text.HAL_UART_Transmit
                0x0800493c      0x11c ./Drivers/STM32G4xx_HAL_Driver/Src/stm32g4xx_hal_uart.o
                0x0800493c                HAL_UART_Transmit
 .text.UART_SetConfig
                0x08004a58      0x598 ./Drivers/STM32G4xx_HAL_Driver/Src/stm32g4xx_hal_uart.o
                0x08004a58                UART_SetConfig
 .text.UART_AdvFeatureConfig
                0x08004ff0      0x144 ./Drivers/STM32G4xx_HAL_Driver/Src/stm32g4xx_hal_uart.o
                0x08004ff0                UART_AdvFeatureConfig
 .text.UART_CheckIdleState
                0x08005134      0x154 ./Drivers/STM32G4xx_HAL_Driver/Src/stm32g4xx_hal_uart.o
                0x08005134                UART_CheckIdleState
 .text.UART_WaitOnFlagUntilTimeout
                0x08005288       0xda ./Drivers/STM32G4xx_HAL_Driver/Src/stm32g4xx_hal_uart.o
                0x08005288                UART_WaitOnFlagUntilTimeout
 .text.UART_EndRxTransfer
                0x08005362       0xcc ./Drivers/STM32G4xx_HAL_Driver/Src/stm32g4xx_hal_uart.o
 .text.HAL_UARTEx_DisableFifoMode
                0x0800542e       0x72 ./Drivers/STM32G4xx_HAL_Driver/Src/stm32g4xx_hal_uart_ex.o
                0x0800542e                HAL_UARTEx_DisableFifoMode
 .text.HAL_UARTEx_SetTxFifoThreshold
                0x080054a0       0x7c ./Drivers/STM32G4xx_HAL_Driver/Src/stm32g4xx_hal_uart_ex.o
                0x080054a0                HAL_UARTEx_SetTxFifoThreshold
 .text.HAL_UARTEx_SetRxFifoThreshold
                0x0800551c       0x7c ./Drivers/STM32G4xx_HAL_Driver/Src/stm32g4xx_hal_uart_ex.o
                0x0800551c                HAL_UARTEx_SetRxFifoThreshold
 .text.UARTEx_SetNbDataToProcess
                0x08005598       0x9c ./Drivers/STM32G4xx_HAL_Driver/Src/stm32g4xx_hal_uart_ex.o
 .text.std      0x08005634       0x6c C:/ST/STM32CubeIDE_1.16.0/STM32CubeIDE/plugins/com.st.stm32cube.ide.mcu.externaltools.gnu-tools-for-stm32.12.3.rel1.win32_1.0.200.202406191623/tools/bin/../lib/gcc/arm-none-eabi/12.3.1/../../../../arm-none-eabi/lib/thumb/v7e-m+fp/hard\libc_nano.a(libc_a-findfp.o)
 .text.stdio_exit_handler
                0x080056a0       0x18 C:/ST/STM32CubeIDE_1.16.0/STM32CubeIDE/plugins/com.st.stm32cube.ide.mcu.externaltools.gnu-tools-for-stm32.12.3.rel1.win32_1.0.200.202406191623/tools/bin/../lib/gcc/arm-none-eabi/12.3.1/../../../../arm-none-eabi/lib/thumb/v7e-m+fp/hard\libc_nano.a(libc_a-findfp.o)
 .text.cleanup_stdio
                0x080056b8       0x40 C:/ST/STM32CubeIDE_1.16.0/STM32CubeIDE/plugins/com.st.stm32cube.ide.mcu.externaltools.gnu-tools-for-stm32.12.3.rel1.win32_1.0.200.202406191623/tools/bin/../lib/gcc/arm-none-eabi/12.3.1/../../../../arm-none-eabi/lib/thumb/v7e-m+fp/hard\libc_nano.a(libc_a-findfp.o)
 .text.global_stdio_init.part.0
                0x080056f8       0x3c C:/ST/STM32CubeIDE_1.16.0/STM32CubeIDE/plugins/com.st.stm32cube.ide.mcu.externaltools.gnu-tools-for-stm32.12.3.rel1.win32_1.0.200.202406191623/tools/bin/../lib/gcc/arm-none-eabi/12.3.1/../../../../arm-none-eabi/lib/thumb/v7e-m+fp/hard\libc_nano.a(libc_a-findfp.o)
 .text.__sfp_lock_acquire
                0x08005734        0xc C:/ST/STM32CubeIDE_1.16.0/STM32CubeIDE/plugins/com.st.stm32cube.ide.mcu.externaltools.gnu-tools-for-stm32.12.3.rel1.win32_1.0.200.202406191623/tools/bin/../lib/gcc/arm-none-eabi/12.3.1/../../../../arm-none-eabi/lib/thumb/v7e-m+fp/hard\libc_nano.a(libc_a-findfp.o)
                0x08005734                __sfp_lock_acquire
 .text.__sfp_lock_release
                0x08005740        0xc C:/ST/STM32CubeIDE_1.16.0/STM32CubeIDE/plugins/com.st.stm32cube.ide.mcu.externaltools.gnu-tools-for-stm32.12.3.rel1.win32_1.0.200.202406191623/tools/bin/../lib/gcc/arm-none-eabi/12.3.1/../../../../arm-none-eabi/lib/thumb/v7e-m+fp/hard\libc_nano.a(libc_a-findfp.o)
                0x08005740                __sfp_lock_release
 .text.__sinit  0x0800574c       0x30 C:/ST/STM32CubeIDE_1.16.0/STM32CubeIDE/plugins/com.st.stm32cube.ide.mcu.externaltools.gnu-tools-for-stm32.12.3.rel1.win32_1.0.200.202406191623/tools/bin/../lib/gcc/arm-none-eabi/12.3.1/../../../../arm-none-eabi/lib/thumb/v7e-m+fp/hard\libc_nano.a(libc_a-findfp.o)
                0x0800574c                __sinit
 .text._fwalk_sglue
                0x0800577c       0x3c C:/ST/STM32CubeIDE_1.16.0/STM32CubeIDE/plugins/com.st.stm32cube.ide.mcu.externaltools.gnu-tools-for-stm32.12.3.rel1.win32_1.0.200.202406191623/tools/bin/../lib/gcc/arm-none-eabi/12.3.1/../../../../arm-none-eabi/lib/thumb/v7e-m+fp/hard\libc_nano.a(libc_a-fwalk.o)
                0x0800577c                _fwalk_sglue
 .text.printf   0x080057b8       0x24 C:/ST/STM32CubeIDE_1.16.0/STM32CubeIDE/plugins/com.st.stm32cube.ide.mcu.externaltools.gnu-tools-for-stm32.12.3.rel1.win32_1.0.200.202406191623/tools/bin/../lib/gcc/arm-none-eabi/12.3.1/../../../../arm-none-eabi/lib/thumb/v7e-m+fp/hard\libc_nano.a(libc_a-printf.o)
                0x080057b8                iprintf
                0x080057b8                printf
 .text._puts_r  0x080057dc       0xaa C:/ST/STM32CubeIDE_1.16.0/STM32CubeIDE/plugins/com.st.stm32cube.ide.mcu.externaltools.gnu-tools-for-stm32.12.3.rel1.win32_1.0.200.202406191623/tools/bin/../lib/gcc/arm-none-eabi/12.3.1/../../../../arm-none-eabi/lib/thumb/v7e-m+fp/hard\libc_nano.a(libc_a-puts.o)
                0x080057dc                _puts_r
 *fill*         0x08005886        0x2 
 .text.puts     0x08005888       0x10 C:/ST/STM32CubeIDE_1.16.0/STM32CubeIDE/plugins/com.st.stm32cube.ide.mcu.externaltools.gnu-tools-for-stm32.12.3.rel1.win32_1.0.200.202406191623/tools/bin/../lib/gcc/arm-none-eabi/12.3.1/../../../../arm-none-eabi/lib/thumb/v7e-m+fp/hard\libc_nano.a(libc_a-puts.o)
                0x08005888                puts
 .text.__sread  0x08005898       0x22 C:/ST/STM32CubeIDE_1.16.0/STM32CubeIDE/plugins/com.st.stm32cube.ide.mcu.externaltools.gnu-tools-for-stm32.12.3.rel1.win32_1.0.200.202406191623/tools/bin/../lib/gcc/arm-none-eabi/12.3.1/../../../../arm-none-eabi/lib/thumb/v7e-m+fp/hard\libc_nano.a(libc_a-stdio.o)
                0x08005898                __sread
 .text.__swrite
                0x080058ba       0x38 C:/ST/STM32CubeIDE_1.16.0/STM32CubeIDE/plugins/com.st.stm32cube.ide.mcu.externaltools.gnu-tools-for-stm32.12.3.rel1.win32_1.0.200.202406191623/tools/bin/../lib/gcc/arm-none-eabi/12.3.1/../../../../arm-none-eabi/lib/thumb/v7e-m+fp/hard\libc_nano.a(libc_a-stdio.o)
                0x080058ba                __swrite
 .text.__sseek  0x080058f2       0x24 C:/ST/STM32CubeIDE_1.16.0/STM32CubeIDE/plugins/com.st.stm32cube.ide.mcu.externaltools.gnu-tools-for-stm32.12.3.rel1.win32_1.0.200.202406191623/tools/bin/../lib/gcc/arm-none-eabi/12.3.1/../../../../arm-none-eabi/lib/thumb/v7e-m+fp/hard\libc_nano.a(libc_a-stdio.o)
                0x080058f2                __sseek
 .text.__sclose
                0x08005916        0x8 C:/ST/STM32CubeIDE_1.16.0/STM32CubeIDE/plugins/com.st.stm32cube.ide.mcu.externaltools.gnu-tools-for-stm32.12.3.rel1.win32_1.0.200.202406191623/tools/bin/../lib/gcc/arm-none-eabi/12.3.1/../../../../arm-none-eabi/lib/thumb/v7e-m+fp/hard\libc_nano.a(libc_a-stdio.o)
                0x08005916                __sclose
 .text.__swbuf_r
                0x0800591e       0x7c C:/ST/STM32CubeIDE_1.16.0/STM32CubeIDE/plugins/com.st.stm32cube.ide.mcu.externaltools.gnu-tools-for-stm32.12.3.rel1.win32_1.0.200.202406191623/tools/bin/../lib/gcc/arm-none-eabi/12.3.1/../../../../arm-none-eabi/lib/thumb/v7e-m+fp/hard\libc_nano.a(libc_a-wbuf.o)
                0x0800591e                __swbuf_r
 *fill*         0x0800599a        0x2 
 .text.__swsetup_r
                0x0800599c       0xac C:/ST/STM32CubeIDE_1.16.0/STM32CubeIDE/plugins/com.st.stm32cube.ide.mcu.externaltools.gnu-tools-for-stm32.12.3.rel1.win32_1.0.200.202406191623/tools/bin/../lib/gcc/arm-none-eabi/12.3.1/../../../../arm-none-eabi/lib/thumb/v7e-m+fp/hard\libc_nano.a(libc_a-wsetup.o)
                0x0800599c                __swsetup_r
 .text.memset   0x08005a48       0x10 C:/ST/STM32CubeIDE_1.16.0/STM32CubeIDE/plugins/com.st.stm32cube.ide.mcu.externaltools.gnu-tools-for-stm32.12.3.rel1.win32_1.0.200.202406191623/tools/bin/../lib/gcc/arm-none-eabi/12.3.1/../../../../arm-none-eabi/lib/thumb/v7e-m+fp/hard\libc_nano.a(libc_a-memset.o)
                0x08005a48                memset
 .text._close_r
                0x08005a58       0x20 C:/ST/STM32CubeIDE_1.16.0/STM32CubeIDE/plugins/com.st.stm32cube.ide.mcu.externaltools.gnu-tools-for-stm32.12.3.rel1.win32_1.0.200.202406191623/tools/bin/../lib/gcc/arm-none-eabi/12.3.1/../../../../arm-none-eabi/lib/thumb/v7e-m+fp/hard\libc_nano.a(libc_a-closer.o)
                0x08005a58                _close_r
 .text._lseek_r
                0x08005a78       0x24 C:/ST/STM32CubeIDE_1.16.0/STM32CubeIDE/plugins/com.st.stm32cube.ide.mcu.externaltools.gnu-tools-for-stm32.12.3.rel1.win32_1.0.200.202406191623/tools/bin/../lib/gcc/arm-none-eabi/12.3.1/../../../../arm-none-eabi/lib/thumb/v7e-m+fp/hard\libc_nano.a(libc_a-lseekr.o)
                0x08005a78                _lseek_r
 .text._read_r  0x08005a9c       0x24 C:/ST/STM32CubeIDE_1.16.0/STM32CubeIDE/plugins/com.st.stm32cube.ide.mcu.externaltools.gnu-tools-for-stm32.12.3.rel1.win32_1.0.200.202406191623/tools/bin/../lib/gcc/arm-none-eabi/12.3.1/../../../../arm-none-eabi/lib/thumb/v7e-m+fp/hard\libc_nano.a(libc_a-readr.o)
                0x08005a9c                _read_r
 .text._write_r
                0x08005ac0       0x24 C:/ST/STM32CubeIDE_1.16.0/STM32CubeIDE/plugins/com.st.stm32cube.ide.mcu.externaltools.gnu-tools-for-stm32.12.3.rel1.win32_1.0.200.202406191623/tools/bin/../lib/gcc/arm-none-eabi/12.3.1/../../../../arm-none-eabi/lib/thumb/v7e-m+fp/hard\libc_nano.a(libc_a-writer.o)
                0x08005ac0                _write_r
 .text.__errno  0x08005ae4        0xc C:/ST/STM32CubeIDE_1.16.0/STM32CubeIDE/plugins/com.st.stm32cube.ide.mcu.externaltools.gnu-tools-for-stm32.12.3.rel1.win32_1.0.200.202406191623/tools/bin/../lib/gcc/arm-none-eabi/12.3.1/../../../../arm-none-eabi/lib/thumb/v7e-m+fp/hard\libc_nano.a(libc_a-errno.o)
                0x08005ae4                __errno
 .text.__libc_init_array
                0x08005af0       0x48 C:/ST/STM32CubeIDE_1.16.0/STM32CubeIDE/plugins/com.st.stm32cube.ide.mcu.externaltools.gnu-tools-for-stm32.12.3.rel1.win32_1.0.200.202406191623/tools/bin/../lib/gcc/arm-none-eabi/12.3.1/../../../../arm-none-eabi/lib/thumb/v7e-m+fp/hard\libc_nano.a(libc_a-init.o)
                0x08005af0                __libc_init_array
 .text.__retarget_lock_init_recursive
                0x08005b38        0x2 C:/ST/STM32CubeIDE_1.16.0/STM32CubeIDE/plugins/com.st.stm32cube.ide.mcu.externaltools.gnu-tools-for-stm32.12.3.rel1.win32_1.0.200.202406191623/tools/bin/../lib/gcc/arm-none-eabi/12.3.1/../../../../arm-none-eabi/lib/thumb/v7e-m+fp/hard\libc_nano.a(libc_a-lock.o)
                0x08005b38                __retarget_lock_init_recursive
 .text.__retarget_lock_acquire_recursive
                0x08005b3a        0x2 C:/ST/STM32CubeIDE_1.16.0/STM32CubeIDE/plugins/com.st.stm32cube.ide.mcu.externaltools.gnu-tools-for-stm32.12.3.rel1.win32_1.0.200.202406191623/tools/bin/../lib/gcc/arm-none-eabi/12.3.1/../../../../arm-none-eabi/lib/thumb/v7e-m+fp/hard\libc_nano.a(libc_a-lock.o)
                0x08005b3a                __retarget_lock_acquire_recursive
 .text.__retarget_lock_release_recursive
                0x08005b3c        0x2 C:/ST/STM32CubeIDE_1.16.0/STM32CubeIDE/plugins/com.st.stm32cube.ide.mcu.externaltools.gnu-tools-for-stm32.12.3.rel1.win32_1.0.200.202406191623/tools/bin/../lib/gcc/arm-none-eabi/12.3.1/../../../../arm-none-eabi/lib/thumb/v7e-m+fp/hard\libc_nano.a(libc_a-lock.o)
                0x08005b3c                __retarget_lock_release_recursive
 *fill*         0x08005b3e        0x2 
 .text._free_r  0x08005b40       0x94 C:/ST/STM32CubeIDE_1.16.0/STM32CubeIDE/plugins/com.st.stm32cube.ide.mcu.externaltools.gnu-tools-for-stm32.12.3.rel1.win32_1.0.200.202406191623/tools/bin/../lib/gcc/arm-none-eabi/12.3.1/../../../../arm-none-eabi/lib/thumb/v7e-m+fp/hard\libc_nano.a(libc_a-freer.o)
                0x08005b40                _free_r
 .text.sbrk_aligned
                0x08005bd4       0x44 C:/ST/STM32CubeIDE_1.16.0/STM32CubeIDE/plugins/com.st.stm32cube.ide.mcu.externaltools.gnu-tools-for-stm32.12.3.rel1.win32_1.0.200.202406191623/tools/bin/../lib/gcc/arm-none-eabi/12.3.1/../../../../arm-none-eabi/lib/thumb/v7e-m+fp/hard\libc_nano.a(libc_a-mallocr.o)
 .text._malloc_r
                0x08005c18      0x100 C:/ST/STM32CubeIDE_1.16.0/STM32CubeIDE/plugins/com.st.stm32cube.ide.mcu.externaltools.gnu-tools-for-stm32.12.3.rel1.win32_1.0.200.202406191623/tools/bin/../lib/gcc/arm-none-eabi/12.3.1/../../../../arm-none-eabi/lib/thumb/v7e-m+fp/hard\libc_nano.a(libc_a-mallocr.o)
                0x08005c18                _malloc_r
 .text.__malloc_lock
                0x08005d18        0xc C:/ST/STM32CubeIDE_1.16.0/STM32CubeIDE/plugins/com.st.stm32cube.ide.mcu.externaltools.gnu-tools-for-stm32.12.3.rel1.win32_1.0.200.202406191623/tools/bin/../lib/gcc/arm-none-eabi/12.3.1/../../../../arm-none-eabi/lib/thumb/v7e-m+fp/hard\libc_nano.a(libc_a-mlock.o)
                0x08005d18                __malloc_lock
 .text.__malloc_unlock
                0x08005d24        0xc C:/ST/STM32CubeIDE_1.16.0/STM32CubeIDE/plugins/com.st.stm32cube.ide.mcu.externaltools.gnu-tools-for-stm32.12.3.rel1.win32_1.0.200.202406191623/tools/bin/../lib/gcc/arm-none-eabi/12.3.1/../../../../arm-none-eabi/lib/thumb/v7e-m+fp/hard\libc_nano.a(libc_a-mlock.o)
                0x08005d24                __malloc_unlock
 .text.__sfputc_r
                0x08005d30       0x2e C:/ST/STM32CubeIDE_1.16.0/STM32CubeIDE/plugins/com.st.stm32cube.ide.mcu.externaltools.gnu-tools-for-stm32.12.3.rel1.win32_1.0.200.202406191623/tools/bin/../lib/gcc/arm-none-eabi/12.3.1/../../../../arm-none-eabi/lib/thumb/v7e-m+fp/hard\libc_nano.a(libc_a-nano-vfprintf.o)
 .text.__sfputs_r
                0x08005d5e       0x24 C:/ST/STM32CubeIDE_1.16.0/STM32CubeIDE/plugins/com.st.stm32cube.ide.mcu.externaltools.gnu-tools-for-stm32.12.3.rel1.win32_1.0.200.202406191623/tools/bin/../lib/gcc/arm-none-eabi/12.3.1/../../../../arm-none-eabi/lib/thumb/v7e-m+fp/hard\libc_nano.a(libc_a-nano-vfprintf.o)
                0x08005d5e                __sfputs_r
 *fill*         0x08005d82        0x2 
 .text._vfprintf_r
                0x08005d84      0x230 C:/ST/STM32CubeIDE_1.16.0/STM32CubeIDE/plugins/com.st.stm32cube.ide.mcu.externaltools.gnu-tools-for-stm32.12.3.rel1.win32_1.0.200.202406191623/tools/bin/../lib/gcc/arm-none-eabi/12.3.1/../../../../arm-none-eabi/lib/thumb/v7e-m+fp/hard\libc_nano.a(libc_a-nano-vfprintf.o)
                0x08005d84                _vfprintf_r
                0x08005d84                _vfiprintf_r
 .text._printf_common
                0x08005fb4       0xda C:/ST/STM32CubeIDE_1.16.0/STM32CubeIDE/plugins/com.st.stm32cube.ide.mcu.externaltools.gnu-tools-for-stm32.12.3.rel1.win32_1.0.200.202406191623/tools/bin/../lib/gcc/arm-none-eabi/12.3.1/../../../../arm-none-eabi/lib/thumb/v7e-m+fp/hard\libc_nano.a(libc_a-nano-vfprintf_i.o)
                0x08005fb4                _printf_common
 *fill*         0x0800608e        0x2 
 .text._printf_i
                0x08006090      0x240 C:/ST/STM32CubeIDE_1.16.0/STM32CubeIDE/plugins/com.st.stm32cube.ide.mcu.externaltools.gnu-tools-for-stm32.12.3.rel1.win32_1.0.200.202406191623/tools/bin/../lib/gcc/arm-none-eabi/12.3.1/../../../../arm-none-eabi/lib/thumb/v7e-m+fp/hard\libc_nano.a(libc_a-nano-vfprintf_i.o)
                0x08006090                _printf_i
 .text.__sflush_r
                0x080062d0      0x108 C:/ST/STM32CubeIDE_1.16.0/STM32CubeIDE/plugins/com.st.stm32cube.ide.mcu.externaltools.gnu-tools-for-stm32.12.3.rel1.win32_1.0.200.202406191623/tools/bin/../lib/gcc/arm-none-eabi/12.3.1/../../../../arm-none-eabi/lib/thumb/v7e-m+fp/hard\libc_nano.a(libc_a-fflush.o)
                0x080062d0                __sflush_r
 .text._fflush_r
                0x080063d8       0x50 C:/ST/STM32CubeIDE_1.16.0/STM32CubeIDE/plugins/com.st.stm32cube.ide.mcu.externaltools.gnu-tools-for-stm32.12.3.rel1.win32_1.0.200.202406191623/tools/bin/../lib/gcc/arm-none-eabi/12.3.1/../../../../arm-none-eabi/lib/thumb/v7e-m+fp/hard\libc_nano.a(libc_a-fflush.o)
                0x080063d8                _fflush_r
 .text.__swhatbuf_r
                0x08006428       0x4c C:/ST/STM32CubeIDE_1.16.0/STM32CubeIDE/plugins/com.st.stm32cube.ide.mcu.externaltools.gnu-tools-for-stm32.12.3.rel1.win32_1.0.200.202406191623/tools/bin/../lib/gcc/arm-none-eabi/12.3.1/../../../../arm-none-eabi/lib/thumb/v7e-m+fp/hard\libc_nano.a(libc_a-makebuf.o)
                0x08006428                __swhatbuf_r
 .text.__smakebuf_r
                0x08006474       0x78 C:/ST/STM32CubeIDE_1.16.0/STM32CubeIDE/plugins/com.st.stm32cube.ide.mcu.externaltools.gnu-tools-for-stm32.12.3.rel1.win32_1.0.200.202406191623/tools/bin/../lib/gcc/arm-none-eabi/12.3.1/../../../../arm-none-eabi/lib/thumb/v7e-m+fp/hard\libc_nano.a(libc_a-makebuf.o)
                0x08006474                __smakebuf_r
 .text._fstat_r
                0x080064ec       0x24 C:/ST/STM32CubeIDE_1.16.0/STM32CubeIDE/plugins/com.st.stm32cube.ide.mcu.externaltools.gnu-tools-for-stm32.12.3.rel1.win32_1.0.200.202406191623/tools/bin/../lib/gcc/arm-none-eabi/12.3.1/../../../../arm-none-eabi/lib/thumb/v7e-m+fp/hard\libc_nano.a(libc_a-fstatr.o)
                0x080064ec                _fstat_r
 .text._isatty_r
                0x08006510       0x20 C:/ST/STM32CubeIDE_1.16.0/STM32CubeIDE/plugins/com.st.stm32cube.ide.mcu.externaltools.gnu-tools-for-stm32.12.3.rel1.win32_1.0.200.202406191623/tools/bin/../lib/gcc/arm-none-eabi/12.3.1/../../../../arm-none-eabi/lib/thumb/v7e-m+fp/hard\libc_nano.a(libc_a-isattyr.o)
                0x08006510                _isatty_r
 .text._sbrk_r  0x08006530       0x20 C:/ST/STM32CubeIDE_1.16.0/STM32CubeIDE/plugins/com.st.stm32cube.ide.mcu.externaltools.gnu-tools-for-stm32.12.3.rel1.win32_1.0.200.202406191623/tools/bin/../lib/gcc/arm-none-eabi/12.3.1/../../../../arm-none-eabi/lib/thumb/v7e-m+fp/hard\libc_nano.a(libc_a-sbrkr.o)
                0x08006530                _sbrk_r
 *(.glue_7)
 .glue_7        0x08006550        0x0 linker stubs
 *(.glue_7t)
 .glue_7t       0x08006550        0x0 linker stubs
 *(.eh_frame)
 .eh_frame      0x08006550        0x0 C:/ST/STM32CubeIDE_1.16.0/STM32CubeIDE/plugins/com.st.stm32cube.ide.mcu.externaltools.gnu-tools-for-stm32.12.3.rel1.win32_1.0.200.202406191623/tools/bin/../lib/gcc/arm-none-eabi/12.3.1/thumb/v7e-m+fp/hard/crtbegin.o
 *(.init)
 .init          0x08006550        0x4 C:/ST/STM32CubeIDE_1.16.0/STM32CubeIDE/plugins/com.st.stm32cube.ide.mcu.externaltools.gnu-tools-for-stm32.12.3.rel1.win32_1.0.200.202406191623/tools/bin/../lib/gcc/arm-none-eabi/12.3.1/thumb/v7e-m+fp/hard/crti.o
                0x08006550                _init
 .init          0x08006554        0x8 C:/ST/STM32CubeIDE_1.16.0/STM32CubeIDE/plugins/com.st.stm32cube.ide.mcu.externaltools.gnu-tools-for-stm32.12.3.rel1.win32_1.0.200.202406191623/tools/bin/../lib/gcc/arm-none-eabi/12.3.1/thumb/v7e-m+fp/hard/crtn.o
 *(.fini)
 .fini          0x0800655c        0x4 C:/ST/STM32CubeIDE_1.16.0/STM32CubeIDE/plugins/com.st.stm32cube.ide.mcu.externaltools.gnu-tools-for-stm32.12.3.rel1.win32_1.0.200.202406191623/tools/bin/../lib/gcc/arm-none-eabi/12.3.1/thumb/v7e-m+fp/hard/crti.o
                0x0800655c                _fini
 .fini          0x08006560        0x8 C:/ST/STM32CubeIDE_1.16.0/STM32CubeIDE/plugins/com.st.stm32cube.ide.mcu.externaltools.gnu-tools-for-stm32.12.3.rel1.win32_1.0.200.202406191623/tools/bin/../lib/gcc/arm-none-eabi/12.3.1/thumb/v7e-m+fp/hard/crtn.o
                0x08006568                        . = ALIGN (0x4)
                0x08006568                        _etext = .

.vfp11_veneer   0x08006568        0x0
 .vfp11_veneer  0x08006568        0x0 linker stubs

.v4_bx          0x08006568        0x0
 .v4_bx         0x08006568        0x0 linker stubs

.iplt           0x08006568        0x0
 .iplt          0x08006568        0x0 C:/ST/STM32CubeIDE_1.16.0/STM32CubeIDE/plugins/com.st.stm32cube.ide.mcu.externaltools.gnu-tools-for-stm32.12.3.rel1.win32_1.0.200.202406191623/tools/bin/../lib/gcc/arm-none-eabi/12.3.1/thumb/v7e-m+fp/hard/crtbegin.o

.rodata         0x08006568       0x90
                0x08006568                        . = ALIGN (0x4)
 *(.rodata)
 .rodata        0x08006568        0xe ./Core/Src/main.o
 *(.rodata*)
 *fill*         0x08006576        0x2 
 .rodata.array  0x08006578        0xa ./Core/Src/screen.o
                0x08006578                array
 *fill*         0x08006582        0x2 
 .rodata.AHBPrescTable
                0x08006584       0x10 ./Core/Src/system_stm32g4xx.o
                0x08006584                AHBPrescTable
 .rodata.APBPrescTable
                0x08006594        0x8 ./Core/Src/system_stm32g4xx.o
                0x08006594                APBPrescTable
 .rodata.UARTPrescTable
                0x0800659c       0x18 ./Drivers/STM32G4xx_HAL_Driver/Src/stm32g4xx_hal_uart.o
                0x0800659c                UARTPrescTable
 .rodata.numerator.1
                0x080065b4        0x8 ./Drivers/STM32G4xx_HAL_Driver/Src/stm32g4xx_hal_uart_ex.o
 .rodata.denominator.0
                0x080065bc        0x8 ./Drivers/STM32G4xx_HAL_Driver/Src/stm32g4xx_hal_uart_ex.o
 .rodata._vfprintf_r.str1.1
                0x080065c4       0x11 C:/ST/STM32CubeIDE_1.16.0/STM32CubeIDE/plugins/com.st.stm32cube.ide.mcu.externaltools.gnu-tools-for-stm32.12.3.rel1.win32_1.0.200.202406191623/tools/bin/../lib/gcc/arm-none-eabi/12.3.1/../../../../arm-none-eabi/lib/thumb/v7e-m+fp/hard\libc_nano.a(libc_a-nano-vfprintf.o)
 .rodata._printf_i.str1.1
                0x080065d5       0x22 C:/ST/STM32CubeIDE_1.16.0/STM32CubeIDE/plugins/com.st.stm32cube.ide.mcu.externaltools.gnu-tools-for-stm32.12.3.rel1.win32_1.0.200.202406191623/tools/bin/../lib/gcc/arm-none-eabi/12.3.1/../../../../arm-none-eabi/lib/thumb/v7e-m+fp/hard\libc_nano.a(libc_a-nano-vfprintf_i.o)
                0x080065f8                        . = ALIGN (0x4)
 *fill*         0x080065f7        0x1 

.ARM.extab      0x080065f8        0x0
                0x080065f8                        . = ALIGN (0x4)
 *(.ARM.extab* .gnu.linkonce.armextab.*)
                0x080065f8                        . = ALIGN (0x4)

.ARM            0x080065f8        0x8
                0x080065f8                        . = ALIGN (0x4)
                0x080065f8                        __exidx_start = .
 *(.ARM.exidx*)
 .ARM.exidx     0x080065f8        0x8 C:/ST/STM32CubeIDE_1.16.0/STM32CubeIDE/plugins/com.st.stm32cube.ide.mcu.externaltools.gnu-tools-for-stm32.12.3.rel1.win32_1.0.200.202406191623/tools/bin/../lib/gcc/arm-none-eabi/12.3.1/../../../../arm-none-eabi/lib/thumb/v7e-m+fp/hard\libc_nano.a(libc_a-memchr.o)
 .ARM.exidx     0x08006600        0x0 C:/ST/STM32CubeIDE_1.16.0/STM32CubeIDE/plugins/com.st.stm32cube.ide.mcu.externaltools.gnu-tools-for-stm32.12.3.rel1.win32_1.0.200.202406191623/tools/bin/../lib/gcc/arm-none-eabi/12.3.1/thumb/v7e-m+fp/hard\libgcc.a(_udivmoddi4.o)
                                  0x8 (size before relaxing)
                0x08006600                        __exidx_end = .
                0x08006600                        . = ALIGN (0x4)

.preinit_array  0x08006600        0x0
                0x08006600                        . = ALIGN (0x4)
                0x08006600                        PROVIDE (__preinit_array_start = .)
 *(.preinit_array*)
                0x08006600                        PROVIDE (__preinit_array_end = .)
                0x08006600                        . = ALIGN (0x4)

.init_array     0x08006600        0x4
                0x08006600                        . = ALIGN (0x4)
                0x08006600                        PROVIDE (__init_array_start = .)
 *(SORT_BY_NAME(.init_array.*))
 *(.init_array*)
 .init_array    0x08006600        0x4 C:/ST/STM32CubeIDE_1.16.0/STM32CubeIDE/plugins/com.st.stm32cube.ide.mcu.externaltools.gnu-tools-for-stm32.12.3.rel1.win32_1.0.200.202406191623/tools/bin/../lib/gcc/arm-none-eabi/12.3.1/thumb/v7e-m+fp/hard/crtbegin.o
                0x08006604                        PROVIDE (__init_array_end = .)
                0x08006604                        . = ALIGN (0x4)

.fini_array     0x08006604        0x4
                0x08006604                        . = ALIGN (0x4)
                [!provide]                        PROVIDE (__fini_array_start = .)
 *(SORT_BY_NAME(.fini_array.*))
 *(.fini_array*)
 .fini_array    0x08006604        0x4 C:/ST/STM32CubeIDE_1.16.0/STM32CubeIDE/plugins/com.st.stm32cube.ide.mcu.externaltools.gnu-tools-for-stm32.12.3.rel1.win32_1.0.200.202406191623/tools/bin/../lib/gcc/arm-none-eabi/12.3.1/thumb/v7e-m+fp/hard/crtbegin.o
                [!provide]                        PROVIDE (__fini_array_end = .)
                0x08006608                        . = ALIGN (0x4)
                0x08006608                        _sidata = LOADADDR (.data)

.rel.dyn        0x08006608        0x0
 .rel.iplt      0x08006608        0x0 C:/ST/STM32CubeIDE_1.16.0/STM32CubeIDE/plugins/com.st.stm32cube.ide.mcu.externaltools.gnu-tools-for-stm32.12.3.rel1.win32_1.0.200.202406191623/tools/bin/../lib/gcc/arm-none-eabi/12.3.1/thumb/v7e-m+fp/hard/crtbegin.o

.data           0x20000000       0x68 load address 0x08006608
                0x20000000                        . = ALIGN (0x4)
                0x20000000                        _sdata = .
 *(.data)
 *(.data*)
 .data.SystemCoreClock
                0x20000000        0x4 ./Core/Src/system_stm32g4xx.o
                0x20000000                SystemCoreClock
 .data.uwTickPrio
                0x20000004        0x4 ./Drivers/STM32G4xx_HAL_Driver/Src/stm32g4xx_hal.o
                0x20000004                uwTickPrio
 .data.uwTickFreq
                0x20000008        0x4 ./Drivers/STM32G4xx_HAL_Driver/Src/stm32g4xx_hal.o
                0x20000008                uwTickFreq
 .data.__sglue  0x2000000c        0xc C:/ST/STM32CubeIDE_1.16.0/STM32CubeIDE/plugins/com.st.stm32cube.ide.mcu.externaltools.gnu-tools-for-stm32.12.3.rel1.win32_1.0.200.202406191623/tools/bin/../lib/gcc/arm-none-eabi/12.3.1/../../../../arm-none-eabi/lib/thumb/v7e-m+fp/hard\libc_nano.a(libc_a-findfp.o)
                0x2000000c                __sglue
 .data._impure_ptr
                0x20000018        0x4 C:/ST/STM32CubeIDE_1.16.0/STM32CubeIDE/plugins/com.st.stm32cube.ide.mcu.externaltools.gnu-tools-for-stm32.12.3.rel1.win32_1.0.200.202406191623/tools/bin/../lib/gcc/arm-none-eabi/12.3.1/../../../../arm-none-eabi/lib/thumb/v7e-m+fp/hard\libc_nano.a(libc_a-impure.o)
                0x20000018                _impure_ptr
 .data._impure_data
                0x2000001c       0x4c C:/ST/STM32CubeIDE_1.16.0/STM32CubeIDE/plugins/com.st.stm32cube.ide.mcu.externaltools.gnu-tools-for-stm32.12.3.rel1.win32_1.0.200.202406191623/tools/bin/../lib/gcc/arm-none-eabi/12.3.1/../../../../arm-none-eabi/lib/thumb/v7e-m+fp/hard\libc_nano.a(libc_a-impure.o)
                0x2000001c                _impure_data
 *(.RamFunc)
 *(.RamFunc*)
                0x20000068                        . = ALIGN (0x4)
                0x20000068                        _edata = .

.igot.plt       0x20000068        0x0 load address 0x08006670
 .igot.plt      0x20000068        0x0 C:/ST/STM32CubeIDE_1.16.0/STM32CubeIDE/plugins/com.st.stm32cube.ide.mcu.externaltools.gnu-tools-for-stm32.12.3.rel1.win32_1.0.200.202406191623/tools/bin/../lib/gcc/arm-none-eabi/12.3.1/thumb/v7e-m+fp/hard/crtbegin.o
                0x20000068                        . = ALIGN (0x4)

.bss            0x20000068      0x2c8 load address 0x08006670
                0x20000068                        _sbss = .
                0x20000068                        __bss_start__ = _sbss
 *(.bss)
 .bss           0x20000068       0x1c C:/ST/STM32CubeIDE_1.16.0/STM32CubeIDE/plugins/com.st.stm32cube.ide.mcu.externaltools.gnu-tools-for-stm32.12.3.rel1.win32_1.0.200.202406191623/tools/bin/../lib/gcc/arm-none-eabi/12.3.1/thumb/v7e-m+fp/hard/crtbegin.o
 *(.bss*)
 .bss.hadc1     0x20000084       0x6c ./Core/Src/adc.o
                0x20000084                hadc1
 .bss.lastButtonTime.0
                0x200000f0        0x4 ./Core/Src/main.o
 .bss.globalToDisplay
                0x200000f4        0x4 ./Core/Src/screen.o
                0x200000f4                globalToDisplay
 .bss.displayNumber.0
                0x200000f8        0x4 ./Core/Src/screen.o
 .bss.__sbrk_heap_end
                0x200000fc        0x4 ./Core/Src/sysmem.o
 .bss.htim4     0x20000100       0x4c ./Core/Src/tim.o
                0x20000100                htim4
 .bss.huart1    0x2000014c       0x94 ./Core/Src/usart.o
                0x2000014c                huart1
 .bss.uwTick    0x200001e0        0x4 ./Drivers/STM32G4xx_HAL_Driver/Src/stm32g4xx_hal.o
                0x200001e0                uwTick
 .bss.__sf      0x200001e4      0x138 C:/ST/STM32CubeIDE_1.16.0/STM32CubeIDE/plugins/com.st.stm32cube.ide.mcu.externaltools.gnu-tools-for-stm32.12.3.rel1.win32_1.0.200.202406191623/tools/bin/../lib/gcc/arm-none-eabi/12.3.1/../../../../arm-none-eabi/lib/thumb/v7e-m+fp/hard\libc_nano.a(libc_a-findfp.o)
                0x200001e4                __sf
 .bss.__stdio_exit_handler
                0x2000031c        0x4 C:/ST/STM32CubeIDE_1.16.0/STM32CubeIDE/plugins/com.st.stm32cube.ide.mcu.externaltools.gnu-tools-for-stm32.12.3.rel1.win32_1.0.200.202406191623/tools/bin/../lib/gcc/arm-none-eabi/12.3.1/../../../../arm-none-eabi/lib/thumb/v7e-m+fp/hard\libc_nano.a(libc_a-findfp.o)
                0x2000031c                __stdio_exit_handler
 .bss.errno     0x20000320        0x4 C:/ST/STM32CubeIDE_1.16.0/STM32CubeIDE/plugins/com.st.stm32cube.ide.mcu.externaltools.gnu-tools-for-stm32.12.3.rel1.win32_1.0.200.202406191623/tools/bin/../lib/gcc/arm-none-eabi/12.3.1/../../../../arm-none-eabi/lib/thumb/v7e-m+fp/hard\libc_nano.a(libc_a-reent.o)
                0x20000320                errno
 .bss.__lock___malloc_recursive_mutex
                0x20000324        0x1 C:/ST/STM32CubeIDE_1.16.0/STM32CubeIDE/plugins/com.st.stm32cube.ide.mcu.externaltools.gnu-tools-for-stm32.12.3.rel1.win32_1.0.200.202406191623/tools/bin/../lib/gcc/arm-none-eabi/12.3.1/../../../../arm-none-eabi/lib/thumb/v7e-m+fp/hard\libc_nano.a(libc_a-lock.o)
                0x20000324                __lock___malloc_recursive_mutex
 .bss.__lock___sfp_recursive_mutex
                0x20000325        0x1 C:/ST/STM32CubeIDE_1.16.0/STM32CubeIDE/plugins/com.st.stm32cube.ide.mcu.externaltools.gnu-tools-for-stm32.12.3.rel1.win32_1.0.200.202406191623/tools/bin/../lib/gcc/arm-none-eabi/12.3.1/../../../../arm-none-eabi/lib/thumb/v7e-m+fp/hard\libc_nano.a(libc_a-lock.o)
                0x20000325                __lock___sfp_recursive_mutex
 *fill*         0x20000326        0x2 
 .bss.__malloc_sbrk_start
                0x20000328        0x4 C:/ST/STM32CubeIDE_1.16.0/STM32CubeIDE/plugins/com.st.stm32cube.ide.mcu.externaltools.gnu-tools-for-stm32.12.3.rel1.win32_1.0.200.202406191623/tools/bin/../lib/gcc/arm-none-eabi/12.3.1/../../../../arm-none-eabi/lib/thumb/v7e-m+fp/hard\libc_nano.a(libc_a-mallocr.o)
                0x20000328                __malloc_sbrk_start
 .bss.__malloc_free_list
                0x2000032c        0x4 C:/ST/STM32CubeIDE_1.16.0/STM32CubeIDE/plugins/com.st.stm32cube.ide.mcu.externaltools.gnu-tools-for-stm32.12.3.rel1.win32_1.0.200.202406191623/tools/bin/../lib/gcc/arm-none-eabi/12.3.1/../../../../arm-none-eabi/lib/thumb/v7e-m+fp/hard\libc_nano.a(libc_a-mallocr.o)
                0x2000032c                __malloc_free_list
 *(COMMON)
                0x20000330                        . = ALIGN (0x4)
                0x20000330                        _ebss = .
                0x20000330                        __bss_end__ = _ebss

._user_heap_stack
                0x20000330      0x600 load address 0x08006670
                0x20000330                        . = ALIGN (0x8)
                [!provide]                        PROVIDE (end = .)
                0x20000330                        PROVIDE (_end = .)
                0x20000530                        . = (. + _Min_Heap_Size)
 *fill*         0x20000330      0x200 
                0x20000930                        . = (. + _Min_Stack_Size)
 *fill*         0x20000530      0x400 
                0x20000930                        . = ALIGN (0x8)

/DISCARD/
 libc.a(*)
 libm.a(*)
 libgcc.a(*)

.ARM.attributes
                0x00000000       0x30
 *(.ARM.attributes)
 .ARM.attributes
                0x00000000       0x22 C:/ST/STM32CubeIDE_1.16.0/STM32CubeIDE/plugins/com.st.stm32cube.ide.mcu.externaltools.gnu-tools-for-stm32.12.3.rel1.win32_1.0.200.202406191623/tools/bin/../lib/gcc/arm-none-eabi/12.3.1/thumb/v7e-m+fp/hard/crti.o
 .ARM.attributes
                0x00000022       0x34 C:/ST/STM32CubeIDE_1.16.0/STM32CubeIDE/plugins/com.st.stm32cube.ide.mcu.externaltools.gnu-tools-for-stm32.12.3.rel1.win32_1.0.200.202406191623/tools/bin/../lib/gcc/arm-none-eabi/12.3.1/thumb/v7e-m+fp/hard/crtbegin.o
 .ARM.attributes
                0x00000056       0x34 ./Core/Src/adc.o
 .ARM.attributes
                0x0000008a       0x34 ./Core/Src/gpio.o
 .ARM.attributes
                0x000000be       0x34 ./Core/Src/main.o
 .ARM.attributes
                0x000000f2       0x34 ./Core/Src/midi.o
 .ARM.attributes
                0x00000126       0x34 ./Core/Src/screen.o
 .ARM.attributes
                0x0000015a       0x34 ./Core/Src/stm32g4xx_hal_msp.o
 .ARM.attributes
                0x0000018e       0x34 ./Core/Src/stm32g4xx_it.o
 .ARM.attributes
                0x000001c2       0x34 ./Core/Src/syscalls.o
 .ARM.attributes
                0x000001f6       0x34 ./Core/Src/sysmem.o
 .ARM.attributes
                0x0000022a       0x34 ./Core/Src/system_stm32g4xx.o
 .ARM.attributes
                0x0000025e       0x34 ./Core/Src/tim.o
 .ARM.attributes
                0x00000292       0x34 ./Core/Src/usart.o
 .ARM.attributes
                0x000002c6       0x21 ./Core/Startup/startup_stm32g431kbtx.o
 .ARM.attributes
                0x000002e7       0x34 ./Drivers/STM32G4xx_HAL_Driver/Src/stm32g4xx_hal.o
 .ARM.attributes
                0x0000031b       0x34 ./Drivers/STM32G4xx_HAL_Driver/Src/stm32g4xx_hal_adc.o
 .ARM.attributes
                0x0000034f       0x34 ./Drivers/STM32G4xx_HAL_Driver/Src/stm32g4xx_hal_adc_ex.o
 .ARM.attributes
                0x00000383       0x34 ./Drivers/STM32G4xx_HAL_Driver/Src/stm32g4xx_hal_cortex.o
 .ARM.attributes
                0x000003b7       0x34 ./Drivers/STM32G4xx_HAL_Driver/Src/stm32g4xx_hal_gpio.o
 .ARM.attributes
                0x000003eb       0x34 ./Drivers/STM32G4xx_HAL_Driver/Src/stm32g4xx_hal_pwr_ex.o
 .ARM.attributes
                0x0000041f       0x34 ./Drivers/STM32G4xx_HAL_Driver/Src/stm32g4xx_hal_rcc.o
 .ARM.attributes
                0x00000453       0x34 ./Drivers/STM32G4xx_HAL_Driver/Src/stm32g4xx_hal_rcc_ex.o
 .ARM.attributes
                0x00000487       0x34 ./Drivers/STM32G4xx_HAL_Driver/Src/stm32g4xx_hal_tim.o
 .ARM.attributes
                0x000004bb       0x34 ./Drivers/STM32G4xx_HAL_Driver/Src/stm32g4xx_hal_tim_ex.o
 .ARM.attributes
                0x000004ef       0x34 ./Drivers/STM32G4xx_HAL_Driver/Src/stm32g4xx_hal_uart.o
 .ARM.attributes
                0x00000523       0x34 ./Drivers/STM32G4xx_HAL_Driver/Src/stm32g4xx_hal_uart_ex.o
 .ARM.attributes
                0x00000557       0x34 C:/ST/STM32CubeIDE_1.16.0/STM32CubeIDE/plugins/com.st.stm32cube.ide.mcu.externaltools.gnu-tools-for-stm32.12.3.rel1.win32_1.0.200.202406191623/tools/bin/../lib/gcc/arm-none-eabi/12.3.1/../../../../arm-none-eabi/lib/thumb/v7e-m+fp/hard\libc_nano.a(libc_a-findfp.o)
 .ARM.attributes
                0x0000058b       0x34 C:/ST/STM32CubeIDE_1.16.0/STM32CubeIDE/plugins/com.st.stm32cube.ide.mcu.externaltools.gnu-tools-for-stm32.12.3.rel1.win32_1.0.200.202406191623/tools/bin/../lib/gcc/arm-none-eabi/12.3.1/../../../../arm-none-eabi/lib/thumb/v7e-m+fp/hard\libc_nano.a(libc_a-fwalk.o)
 .ARM.attributes
                0x000005bf       0x34 C:/ST/STM32CubeIDE_1.16.0/STM32CubeIDE/plugins/com.st.stm32cube.ide.mcu.externaltools.gnu-tools-for-stm32.12.3.rel1.win32_1.0.200.202406191623/tools/bin/../lib/gcc/arm-none-eabi/12.3.1/../../../../arm-none-eabi/lib/thumb/v7e-m+fp/hard\libc_nano.a(libc_a-printf.o)
 .ARM.attributes
                0x000005f3       0x34 C:/ST/STM32CubeIDE_1.16.0/STM32CubeIDE/plugins/com.st.stm32cube.ide.mcu.externaltools.gnu-tools-for-stm32.12.3.rel1.win32_1.0.200.202406191623/tools/bin/../lib/gcc/arm-none-eabi/12.3.1/../../../../arm-none-eabi/lib/thumb/v7e-m+fp/hard\libc_nano.a(libc_a-puts.o)
 .ARM.attributes
                0x00000627       0x34 C:/ST/STM32CubeIDE_1.16.0/STM32CubeIDE/plugins/com.st.stm32cube.ide.mcu.externaltools.gnu-tools-for-stm32.12.3.rel1.win32_1.0.200.202406191623/tools/bin/../lib/gcc/arm-none-eabi/12.3.1/../../../../arm-none-eabi/lib/thumb/v7e-m+fp/hard\libc_nano.a(libc_a-stdio.o)
 .ARM.attributes
                0x0000065b       0x34 C:/ST/STM32CubeIDE_1.16.0/STM32CubeIDE/plugins/com.st.stm32cube.ide.mcu.externaltools.gnu-tools-for-stm32.12.3.rel1.win32_1.0.200.202406191623/tools/bin/../lib/gcc/arm-none-eabi/12.3.1/../../../../arm-none-eabi/lib/thumb/v7e-m+fp/hard\libc_nano.a(libc_a-wbuf.o)
 .ARM.attributes
                0x0000068f       0x34 C:/ST/STM32CubeIDE_1.16.0/STM32CubeIDE/plugins/com.st.stm32cube.ide.mcu.externaltools.gnu-tools-for-stm32.12.3.rel1.win32_1.0.200.202406191623/tools/bin/../lib/gcc/arm-none-eabi/12.3.1/../../../../arm-none-eabi/lib/thumb/v7e-m+fp/hard\libc_nano.a(libc_a-wsetup.o)
 .ARM.attributes
                0x000006c3       0x34 C:/ST/STM32CubeIDE_1.16.0/STM32CubeIDE/plugins/com.st.stm32cube.ide.mcu.externaltools.gnu-tools-for-stm32.12.3.rel1.win32_1.0.200.202406191623/tools/bin/../lib/gcc/arm-none-eabi/12.3.1/../../../../arm-none-eabi/lib/thumb/v7e-m+fp/hard\libc_nano.a(libc_a-memset.o)
 .ARM.attributes
                0x000006f7       0x34 C:/ST/STM32CubeIDE_1.16.0/STM32CubeIDE/plugins/com.st.stm32cube.ide.mcu.externaltools.gnu-tools-for-stm32.12.3.rel1.win32_1.0.200.202406191623/tools/bin/../lib/gcc/arm-none-eabi/12.3.1/../../../../arm-none-eabi/lib/thumb/v7e-m+fp/hard\libc_nano.a(libc_a-closer.o)
 .ARM.attributes
                0x0000072b       0x34 C:/ST/STM32CubeIDE_1.16.0/STM32CubeIDE/plugins/com.st.stm32cube.ide.mcu.externaltools.gnu-tools-for-stm32.12.3.rel1.win32_1.0.200.202406191623/tools/bin/../lib/gcc/arm-none-eabi/12.3.1/../../../../arm-none-eabi/lib/thumb/v7e-m+fp/hard\libc_nano.a(libc_a-reent.o)
 .ARM.attributes
                0x0000075f       0x34 C:/ST/STM32CubeIDE_1.16.0/STM32CubeIDE/plugins/com.st.stm32cube.ide.mcu.externaltools.gnu-tools-for-stm32.12.3.rel1.win32_1.0.200.202406191623/tools/bin/../lib/gcc/arm-none-eabi/12.3.1/../../../../arm-none-eabi/lib/thumb/v7e-m+fp/hard\libc_nano.a(libc_a-impure.o)
 .ARM.attributes
                0x00000793       0x34 C:/ST/STM32CubeIDE_1.16.0/STM32CubeIDE/plugins/com.st.stm32cube.ide.mcu.externaltools.gnu-tools-for-stm32.12.3.rel1.win32_1.0.200.202406191623/tools/bin/../lib/gcc/arm-none-eabi/12.3.1/../../../../arm-none-eabi/lib/thumb/v7e-m+fp/hard\libc_nano.a(libc_a-lseekr.o)
 .ARM.attributes
                0x000007c7       0x34 C:/ST/STM32CubeIDE_1.16.0/STM32CubeIDE/plugins/com.st.stm32cube.ide.mcu.externaltools.gnu-tools-for-stm32.12.3.rel1.win32_1.0.200.202406191623/tools/bin/../lib/gcc/arm-none-eabi/12.3.1/../../../../arm-none-eabi/lib/thumb/v7e-m+fp/hard\libc_nano.a(libc_a-readr.o)
 .ARM.attributes
                0x000007fb       0x34 C:/ST/STM32CubeIDE_1.16.0/STM32CubeIDE/plugins/com.st.stm32cube.ide.mcu.externaltools.gnu-tools-for-stm32.12.3.rel1.win32_1.0.200.202406191623/tools/bin/../lib/gcc/arm-none-eabi/12.3.1/../../../../arm-none-eabi/lib/thumb/v7e-m+fp/hard\libc_nano.a(libc_a-writer.o)
 .ARM.attributes
                0x0000082f       0x34 C:/ST/STM32CubeIDE_1.16.0/STM32CubeIDE/plugins/com.st.stm32cube.ide.mcu.externaltools.gnu-tools-for-stm32.12.3.rel1.win32_1.0.200.202406191623/tools/bin/../lib/gcc/arm-none-eabi/12.3.1/../../../../arm-none-eabi/lib/thumb/v7e-m+fp/hard\libc_nano.a(libc_a-errno.o)
 .ARM.attributes
                0x00000863       0x34 C:/ST/STM32CubeIDE_1.16.0/STM32CubeIDE/plugins/com.st.stm32cube.ide.mcu.externaltools.gnu-tools-for-stm32.12.3.rel1.win32_1.0.200.202406191623/tools/bin/../lib/gcc/arm-none-eabi/12.3.1/../../../../arm-none-eabi/lib/thumb/v7e-m+fp/hard\libc_nano.a(libc_a-init.o)
 .ARM.attributes
                0x00000897       0x34 C:/ST/STM32CubeIDE_1.16.0/STM32CubeIDE/plugins/com.st.stm32cube.ide.mcu.externaltools.gnu-tools-for-stm32.12.3.rel1.win32_1.0.200.202406191623/tools/bin/../lib/gcc/arm-none-eabi/12.3.1/../../../../arm-none-eabi/lib/thumb/v7e-m+fp/hard\libc_nano.a(libc_a-lock.o)
 .ARM.attributes
                0x000008cb       0x34 C:/ST/STM32CubeIDE_1.16.0/STM32CubeIDE/plugins/com.st.stm32cube.ide.mcu.externaltools.gnu-tools-for-stm32.12.3.rel1.win32_1.0.200.202406191623/tools/bin/../lib/gcc/arm-none-eabi/12.3.1/../../../../arm-none-eabi/lib/thumb/v7e-m+fp/hard\libc_nano.a(libc_a-freer.o)
 .ARM.attributes
                0x000008ff       0x34 C:/ST/STM32CubeIDE_1.16.0/STM32CubeIDE/plugins/com.st.stm32cube.ide.mcu.externaltools.gnu-tools-for-stm32.12.3.rel1.win32_1.0.200.202406191623/tools/bin/../lib/gcc/arm-none-eabi/12.3.1/../../../../arm-none-eabi/lib/thumb/v7e-m+fp/hard\libc_nano.a(libc_a-mallocr.o)
 .ARM.attributes
                0x00000933       0x34 C:/ST/STM32CubeIDE_1.16.0/STM32CubeIDE/plugins/com.st.stm32cube.ide.mcu.externaltools.gnu-tools-for-stm32.12.3.rel1.win32_1.0.200.202406191623/tools/bin/../lib/gcc/arm-none-eabi/12.3.1/../../../../arm-none-eabi/lib/thumb/v7e-m+fp/hard\libc_nano.a(libc_a-mlock.o)
 .ARM.attributes
                0x00000967       0x34 C:/ST/STM32CubeIDE_1.16.0/STM32CubeIDE/plugins/com.st.stm32cube.ide.mcu.externaltools.gnu-tools-for-stm32.12.3.rel1.win32_1.0.200.202406191623/tools/bin/../lib/gcc/arm-none-eabi/12.3.1/../../../../arm-none-eabi/lib/thumb/v7e-m+fp/hard\libc_nano.a(libc_a-nano-vfprintf.o)
 .ARM.attributes
                0x0000099b       0x34 C:/ST/STM32CubeIDE_1.16.0/STM32CubeIDE/plugins/com.st.stm32cube.ide.mcu.externaltools.gnu-tools-for-stm32.12.3.rel1.win32_1.0.200.202406191623/tools/bin/../lib/gcc/arm-none-eabi/12.3.1/../../../../arm-none-eabi/lib/thumb/v7e-m+fp/hard\libc_nano.a(libc_a-nano-vfprintf_i.o)
 .ARM.attributes
                0x000009cf       0x34 C:/ST/STM32CubeIDE_1.16.0/STM32CubeIDE/plugins/com.st.stm32cube.ide.mcu.externaltools.gnu-tools-for-stm32.12.3.rel1.win32_1.0.200.202406191623/tools/bin/../lib/gcc/arm-none-eabi/12.3.1/../../../../arm-none-eabi/lib/thumb/v7e-m+fp/hard\libc_nano.a(libc_a-fflush.o)
 .ARM.attributes
                0x00000a03       0x34 C:/ST/STM32CubeIDE_1.16.0/STM32CubeIDE/plugins/com.st.stm32cube.ide.mcu.externaltools.gnu-tools-for-stm32.12.3.rel1.win32_1.0.200.202406191623/tools/bin/../lib/gcc/arm-none-eabi/12.3.1/../../../../arm-none-eabi/lib/thumb/v7e-m+fp/hard\libc_nano.a(libc_a-makebuf.o)
 .ARM.attributes
                0x00000a37       0x34 C:/ST/STM32CubeIDE_1.16.0/STM32CubeIDE/plugins/com.st.stm32cube.ide.mcu.externaltools.gnu-tools-for-stm32.12.3.rel1.win32_1.0.200.202406191623/tools/bin/../lib/gcc/arm-none-eabi/12.3.1/../../../../arm-none-eabi/lib/thumb/v7e-m+fp/hard\libc_nano.a(libc_a-fstatr.o)
 .ARM.attributes
                0x00000a6b       0x34 C:/ST/STM32CubeIDE_1.16.0/STM32CubeIDE/plugins/com.st.stm32cube.ide.mcu.externaltools.gnu-tools-for-stm32.12.3.rel1.win32_1.0.200.202406191623/tools/bin/../lib/gcc/arm-none-eabi/12.3.1/../../../../arm-none-eabi/lib/thumb/v7e-m+fp/hard\libc_nano.a(libc_a-isattyr.o)
 .ARM.attributes
                0x00000a9f       0x34 C:/ST/STM32CubeIDE_1.16.0/STM32CubeIDE/plugins/com.st.stm32cube.ide.mcu.externaltools.gnu-tools-for-stm32.12.3.rel1.win32_1.0.200.202406191623/tools/bin/../lib/gcc/arm-none-eabi/12.3.1/../../../../arm-none-eabi/lib/thumb/v7e-m+fp/hard\libc_nano.a(libc_a-sbrkr.o)
 .ARM.attributes
                0x00000ad3       0x1c C:/ST/STM32CubeIDE_1.16.0/STM32CubeIDE/plugins/com.st.stm32cube.ide.mcu.externaltools.gnu-tools-for-stm32.12.3.rel1.win32_1.0.200.202406191623/tools/bin/../lib/gcc/arm-none-eabi/12.3.1/../../../../arm-none-eabi/lib/thumb/v7e-m+fp/hard\libc_nano.a(libc_a-memchr.o)
 .ARM.attributes
                0x00000aef       0x22 C:/ST/STM32CubeIDE_1.16.0/STM32CubeIDE/plugins/com.st.stm32cube.ide.mcu.externaltools.gnu-tools-for-stm32.12.3.rel1.win32_1.0.200.202406191623/tools/bin/../lib/gcc/arm-none-eabi/12.3.1/thumb/v7e-m+fp/hard\libgcc.a(_aeabi_uldivmod.o)
 .ARM.attributes
                0x00000b11       0x34 C:/ST/STM32CubeIDE_1.16.0/STM32CubeIDE/plugins/com.st.stm32cube.ide.mcu.externaltools.gnu-tools-for-stm32.12.3.rel1.win32_1.0.200.202406191623/tools/bin/../lib/gcc/arm-none-eabi/12.3.1/thumb/v7e-m+fp/hard\libgcc.a(_udivmoddi4.o)
 .ARM.attributes
                0x00000b45       0x22 C:/ST/STM32CubeIDE_1.16.0/STM32CubeIDE/plugins/com.st.stm32cube.ide.mcu.externaltools.gnu-tools-for-stm32.12.3.rel1.win32_1.0.200.202406191623/tools/bin/../lib/gcc/arm-none-eabi/12.3.1/thumb/v7e-m+fp/hard\libgcc.a(_dvmd_tls.o)
 .ARM.attributes
                0x00000b67       0x22 C:/ST/STM32CubeIDE_1.16.0/STM32CubeIDE/plugins/com.st.stm32cube.ide.mcu.externaltools.gnu-tools-for-stm32.12.3.rel1.win32_1.0.200.202406191623/tools/bin/../lib/gcc/arm-none-eabi/12.3.1/thumb/v7e-m+fp/hard/crtn.o
OUTPUT(pdal.elf elf32-littlearm)
LOAD linker stubs
LOAD C:/ST/STM32CubeIDE_1.16.0/STM32CubeIDE/plugins/com.st.stm32cube.ide.mcu.externaltools.gnu-tools-for-stm32.12.3.rel1.win32_1.0.200.202406191623/tools/bin/../lib/gcc/arm-none-eabi/12.3.1/../../../../arm-none-eabi/lib/thumb/v7e-m+fp/hard\libc.a
LOAD C:/ST/STM32CubeIDE_1.16.0/STM32CubeIDE/plugins/com.st.stm32cube.ide.mcu.externaltools.gnu-tools-for-stm32.12.3.rel1.win32_1.0.200.202406191623/tools/bin/../lib/gcc/arm-none-eabi/12.3.1/../../../../arm-none-eabi/lib/thumb/v7e-m+fp/hard\libm.a
LOAD C:/ST/STM32CubeIDE_1.16.0/STM32CubeIDE/plugins/com.st.stm32cube.ide.mcu.externaltools.gnu-tools-for-stm32.12.3.rel1.win32_1.0.200.202406191623/tools/bin/../lib/gcc/arm-none-eabi/12.3.1/thumb/v7e-m+fp/hard\libgcc.a

.debug_info     0x00000000    0x189d4
 .debug_info    0x00000000      0xf16 ./Core/Src/adc.o
 .debug_info    0x00000f16      0x688 ./Core/Src/gpio.o
 .debug_info    0x0000159e      0xff1 ./Core/Src/main.o
 .debug_info    0x0000258f      0xd5b ./Core/Src/midi.o
 .debug_info    0x000032ea      0x21f ./Core/Src/screen.o
 .debug_info    0x00003509      0x2da ./Core/Src/stm32g4xx_hal_msp.o
 .debug_info    0x000037e3      0x8b3 ./Core/Src/stm32g4xx_it.o
 .debug_info    0x00004096      0x6a3 ./Core/Src/syscalls.o
 .debug_info    0x00004739      0x168 ./Core/Src/sysmem.o
 .debug_info    0x000048a1      0x58e ./Core/Src/system_stm32g4xx.o
 .debug_info    0x00004e2f      0xdee ./Core/Src/tim.o
 .debug_info    0x00005c1d      0xd6f ./Core/Src/usart.o
 .debug_info    0x0000698c       0x30 ./Core/Startup/startup_stm32g431kbtx.o
 .debug_info    0x000069bc      0xadb ./Drivers/STM32G4xx_HAL_Driver/Src/stm32g4xx_hal.o
 .debug_info    0x00007497     0x2063 ./Drivers/STM32G4xx_HAL_Driver/Src/stm32g4xx_hal_adc.o
 .debug_info    0x000094fa     0x1d80 ./Drivers/STM32G4xx_HAL_Driver/Src/stm32g4xx_hal_adc_ex.o
 .debug_info    0x0000b27a      0xd3f ./Drivers/STM32G4xx_HAL_Driver/Src/stm32g4xx_hal_cortex.o
 .debug_info    0x0000bfb9      0x763 ./Drivers/STM32G4xx_HAL_Driver/Src/stm32g4xx_hal_gpio.o
 .debug_info    0x0000c71c      0x93f ./Drivers/STM32G4xx_HAL_Driver/Src/stm32g4xx_hal_pwr_ex.o
 .debug_info    0x0000d05b      0xb82 ./Drivers/STM32G4xx_HAL_Driver/Src/stm32g4xx_hal_rcc.o
 .debug_info    0x0000dbdd      0xc15 ./Drivers/STM32G4xx_HAL_Driver/Src/stm32g4xx_hal_rcc_ex.o
 .debug_info    0x0000e7f2     0x2c52 ./Drivers/STM32G4xx_HAL_Driver/Src/stm32g4xx_hal_tim.o
 .debug_info    0x00011444     0x1d95 ./Drivers/STM32G4xx_HAL_Driver/Src/stm32g4xx_hal_tim_ex.o
 .debug_info    0x000131d9     0x481e ./Drivers/STM32G4xx_HAL_Driver/Src/stm32g4xx_hal_uart.o
 .debug_info    0x000179f7      0xfdd ./Drivers/STM32G4xx_HAL_Driver/Src/stm32g4xx_hal_uart_ex.o

.debug_abbrev   0x00000000     0x3346
 .debug_abbrev  0x00000000      0x1f1 ./Core/Src/adc.o
 .debug_abbrev  0x000001f1      0x15b ./Core/Src/gpio.o
 .debug_abbrev  0x0000034c      0x2e2 ./Core/Src/main.o
 .debug_abbrev  0x0000062e      0x1b3 ./Core/Src/midi.o
 .debug_abbrev  0x000007e1      0x13f ./Core/Src/screen.o
 .debug_abbrev  0x00000920       0xd9 ./Core/Src/stm32g4xx_hal_msp.o
 .debug_abbrev  0x000009f9      0x1c2 ./Core/Src/stm32g4xx_it.o
 .debug_abbrev  0x00000bbb      0x1b6 ./Core/Src/syscalls.o
 .debug_abbrev  0x00000d71       0xbc ./Core/Src/sysmem.o
 .debug_abbrev  0x00000e2d      0x11a ./Core/Src/system_stm32g4xx.o
 .debug_abbrev  0x00000f47      0x226 ./Core/Src/tim.o
 .debug_abbrev  0x0000116d      0x20d ./Core/Src/usart.o
 .debug_abbrev  0x0000137a       0x24 ./Core/Startup/startup_stm32g431kbtx.o
 .debug_abbrev  0x0000139e      0x271 ./Drivers/STM32G4xx_HAL_Driver/Src/stm32g4xx_hal.o
 .debug_abbrev  0x0000160f      0x2d3 ./Drivers/STM32G4xx_HAL_Driver/Src/stm32g4xx_hal_adc.o
 .debug_abbrev  0x000018e2      0x2ee ./Drivers/STM32G4xx_HAL_Driver/Src/stm32g4xx_hal_adc_ex.o
 .debug_abbrev  0x00001bd0      0x31c ./Drivers/STM32G4xx_HAL_Driver/Src/stm32g4xx_hal_cortex.o
 .debug_abbrev  0x00001eec      0x1cb ./Drivers/STM32G4xx_HAL_Driver/Src/stm32g4xx_hal_gpio.o
 .debug_abbrev  0x000020b7      0x22c ./Drivers/STM32G4xx_HAL_Driver/Src/stm32g4xx_hal_pwr_ex.o
 .debug_abbrev  0x000022e3      0x2c9 ./Drivers/STM32G4xx_HAL_Driver/Src/stm32g4xx_hal_rcc.o
 .debug_abbrev  0x000025ac      0x258 ./Drivers/STM32G4xx_HAL_Driver/Src/stm32g4xx_hal_rcc_ex.o
 .debug_abbrev  0x00002804      0x2a7 ./Drivers/STM32G4xx_HAL_Driver/Src/stm32g4xx_hal_tim.o
 .debug_abbrev  0x00002aab      0x2c5 ./Drivers/STM32G4xx_HAL_Driver/Src/stm32g4xx_hal_tim_ex.o
 .debug_abbrev  0x00002d70      0x304 ./Drivers/STM32G4xx_HAL_Driver/Src/stm32g4xx_hal_uart.o
 .debug_abbrev  0x00003074      0x2d2 ./Drivers/STM32G4xx_HAL_Driver/Src/stm32g4xx_hal_uart_ex.o

.debug_aranges  0x00000000     0x1558
 .debug_aranges
                0x00000000       0x30 ./Core/Src/adc.o
 .debug_aranges
                0x00000030       0x20 ./Core/Src/gpio.o
 .debug_aranges
                0x00000050       0x48 ./Core/Src/main.o
 .debug_aranges
                0x00000098       0x30 ./Core/Src/midi.o
 .debug_aranges
                0x000000c8       0x20 ./Core/Src/screen.o
 .debug_aranges
                0x000000e8       0x20 ./Core/Src/stm32g4xx_hal_msp.o
 .debug_aranges
                0x00000108       0x70 ./Core/Src/stm32g4xx_it.o
 .debug_aranges
                0x00000178       0xa8 ./Core/Src/syscalls.o
 .debug_aranges
                0x00000220       0x20 ./Core/Src/sysmem.o
 .debug_aranges
                0x00000240       0x28 ./Core/Src/system_stm32g4xx.o
 .debug_aranges
                0x00000268       0x30 ./Core/Src/tim.o
 .debug_aranges
                0x00000298       0x30 ./Core/Src/usart.o
 .debug_aranges
                0x000002c8       0x28 ./Core/Startup/startup_stm32g431kbtx.o
 .debug_aranges
                0x000002f0      0x148 ./Drivers/STM32G4xx_HAL_Driver/Src/stm32g4xx_hal.o
 .debug_aranges
                0x00000438      0x248 ./Drivers/STM32G4xx_HAL_Driver/Src/stm32g4xx_hal_adc.o
 .debug_aranges
                0x00000680      0x1c0 ./Drivers/STM32G4xx_HAL_Driver/Src/stm32g4xx_hal_adc_ex.o
 .debug_aranges
                0x00000840      0x128 ./Drivers/STM32G4xx_HAL_Driver/Src/stm32g4xx_hal_cortex.o
 .debug_aranges
                0x00000968       0x58 ./Drivers/STM32G4xx_HAL_Driver/Src/stm32g4xx_hal_gpio.o
 .debug_aranges
                0x000009c0      0x140 ./Drivers/STM32G4xx_HAL_Driver/Src/stm32g4xx_hal_pwr_ex.o
 .debug_aranges
                0x00000b00       0x98 ./Drivers/STM32G4xx_HAL_Driver/Src/stm32g4xx_hal_rcc.o
 .debug_aranges
                0x00000b98       0xb0 ./Drivers/STM32G4xx_HAL_Driver/Src/stm32g4xx_hal_rcc_ex.o
 .debug_aranges
                0x00000c48      0x3e0 ./Drivers/STM32G4xx_HAL_Driver/Src/stm32g4xx_hal_tim.o
 .debug_aranges
                0x00001028      0x240 ./Drivers/STM32G4xx_HAL_Driver/Src/stm32g4xx_hal_tim_ex.o
 .debug_aranges
                0x00001268      0x248 ./Drivers/STM32G4xx_HAL_Driver/Src/stm32g4xx_hal_uart.o
 .debug_aranges
                0x000014b0       0xa8 ./Drivers/STM32G4xx_HAL_Driver/Src/stm32g4xx_hal_uart_ex.o

.debug_rnglists
                0x00000000     0x107a
 .debug_rnglists
                0x00000000       0x21 ./Core/Src/adc.o
 .debug_rnglists
                0x00000021       0x14 ./Core/Src/gpio.o
 .debug_rnglists
                0x00000035       0x33 ./Core/Src/main.o
 .debug_rnglists
                0x00000068       0x1f ./Core/Src/midi.o
 .debug_rnglists
                0x00000087       0x14 ./Core/Src/screen.o
 .debug_rnglists
                0x0000009b       0x13 ./Core/Src/stm32g4xx_hal_msp.o
 .debug_rnglists
                0x000000ae       0x4f ./Core/Src/stm32g4xx_it.o
 .debug_rnglists
                0x000000fd       0x79 ./Core/Src/syscalls.o
 .debug_rnglists
                0x00000176       0x13 ./Core/Src/sysmem.o
 .debug_rnglists
                0x00000189       0x1a ./Core/Src/system_stm32g4xx.o
 .debug_rnglists
                0x000001a3       0x20 ./Core/Src/tim.o
 .debug_rnglists
                0x000001c3       0x21 ./Core/Src/usart.o
 .debug_rnglists
                0x000001e4       0x19 ./Core/Startup/startup_stm32g431kbtx.o
 .debug_rnglists
                0x000001fd       0xf1 ./Drivers/STM32G4xx_HAL_Driver/Src/stm32g4xx_hal.o
 .debug_rnglists
                0x000002ee      0x1c0 ./Drivers/STM32G4xx_HAL_Driver/Src/stm32g4xx_hal_adc.o
 .debug_rnglists
                0x000004ae      0x15a ./Drivers/STM32G4xx_HAL_Driver/Src/stm32g4xx_hal_adc_ex.o
 .debug_rnglists
                0x00000608       0xda ./Drivers/STM32G4xx_HAL_Driver/Src/stm32g4xx_hal_cortex.o
 .debug_rnglists
                0x000006e2       0x3f ./Drivers/STM32G4xx_HAL_Driver/Src/stm32g4xx_hal_gpio.o
 .debug_rnglists
                0x00000721       0xf1 ./Drivers/STM32G4xx_HAL_Driver/Src/stm32g4xx_hal_pwr_ex.o
 .debug_rnglists
                0x00000812       0x74 ./Drivers/STM32G4xx_HAL_Driver/Src/stm32g4xx_hal_rcc.o
 .debug_rnglists
                0x00000886       0x87 ./Drivers/STM32G4xx_HAL_Driver/Src/stm32g4xx_hal_rcc_ex.o
 .debug_rnglists
                0x0000090d      0x328 ./Drivers/STM32G4xx_HAL_Driver/Src/stm32g4xx_hal_tim.o
 .debug_rnglists
                0x00000c35      0x1cc ./Drivers/STM32G4xx_HAL_Driver/Src/stm32g4xx_hal_tim_ex.o
 .debug_rnglists
                0x00000e01      0x1fa ./Drivers/STM32G4xx_HAL_Driver/Src/stm32g4xx_hal_uart.o
 .debug_rnglists
                0x00000ffb       0x7f ./Drivers/STM32G4xx_HAL_Driver/Src/stm32g4xx_hal_uart_ex.o

.debug_macro    0x00000000    0x21e55
 .debug_macro   0x00000000      0x20a ./Core/Src/adc.o
 .debug_macro   0x0000020a      0xab4 ./Core/Src/adc.o
 .debug_macro   0x00000cbe      0x161 ./Core/Src/adc.o
 .debug_macro   0x00000e1f       0x2e ./Core/Src/adc.o
 .debug_macro   0x00000e4d       0x28 ./Core/Src/adc.o
 .debug_macro   0x00000e75       0x22 ./Core/Src/adc.o
 .debug_macro   0x00000e97       0x8e ./Core/Src/adc.o
 .debug_macro   0x00000f25       0x51 ./Core/Src/adc.o
 .debug_macro   0x00000f76      0x103 ./Core/Src/adc.o
 .debug_macro   0x00001079       0x6a ./Core/Src/adc.o
 .debug_macro   0x000010e3      0x1df ./Core/Src/adc.o
 .debug_macro   0x000012c2       0x1c ./Core/Src/adc.o
 .debug_macro   0x000012de       0x22 ./Core/Src/adc.o
 .debug_macro   0x00001300       0xfb ./Core/Src/adc.o
 .debug_macro   0x000013fb     0x1011 ./Core/Src/adc.o
 .debug_macro   0x0000240c      0x11f ./Core/Src/adc.o
 .debug_macro   0x0000252b    0x1138f ./Core/Src/adc.o
 .debug_macro   0x000138ba       0x6d ./Core/Src/adc.o
 .debug_macro   0x00013927     0x3558 ./Core/Src/adc.o
 .debug_macro   0x00016e7f      0x189 ./Core/Src/adc.o
 .debug_macro   0x00017008       0x5c ./Core/Src/adc.o
 .debug_macro   0x00017064     0x141d ./Core/Src/adc.o
 .debug_macro   0x00018481      0x535 ./Core/Src/adc.o
 .debug_macro   0x000189b6      0x1b6 ./Core/Src/adc.o
 .debug_macro   0x00018b6c      0x288 ./Core/Src/adc.o
 .debug_macro   0x00018df4      0x41d ./Core/Src/adc.o
 .debug_macro   0x00019211      0x18b ./Core/Src/adc.o
 .debug_macro   0x0001939c       0x43 ./Core/Src/adc.o
 .debug_macro   0x000193df      0x23d ./Core/Src/adc.o
 .debug_macro   0x0001961c     0x1112 ./Core/Src/adc.o
 .debug_macro   0x0001a72e      0x72e ./Core/Src/adc.o
 .debug_macro   0x0001ae5c      0x391 ./Core/Src/adc.o
 .debug_macro   0x0001b1ed      0x211 ./Core/Src/adc.o
 .debug_macro   0x0001b3fe      0x401 ./Core/Src/adc.o
 .debug_macro   0x0001b7ff      0x107 ./Core/Src/adc.o
 .debug_macro   0x0001b906      0x122 ./Core/Src/adc.o
 .debug_macro   0x0001ba28      0x3d1 ./Core/Src/adc.o
 .debug_macro   0x0001bdf9      0xbda ./Core/Src/adc.o
 .debug_macro   0x0001c9d3      0x47e ./Core/Src/adc.o
 .debug_macro   0x0001ce51      0x693 ./Core/Src/adc.o
 .debug_macro   0x0001d4e4       0xa6 ./Core/Src/adc.o
 .debug_macro   0x0001d58a      0x306 ./Core/Src/adc.o
 .debug_macro   0x0001d890       0x10 ./Core/Src/adc.o
 .debug_macro   0x0001d8a0      0x20a ./Core/Src/gpio.o
 .debug_macro   0x0001daaa      0x316 ./Core/Src/main.o
 .debug_macro   0x0001ddc0       0x22 ./Core/Src/main.o
 .debug_macro   0x0001dde2       0x1c ./Core/Src/main.o
 .debug_macro   0x0001ddfe       0x61 ./Core/Src/main.o
 .debug_macro   0x0001de5f       0x2a ./Core/Src/main.o
 .debug_macro   0x0001de89       0x43 ./Core/Src/main.o
 .debug_macro   0x0001decc       0x34 ./Core/Src/main.o
 .debug_macro   0x0001df00       0x16 ./Core/Src/main.o
 .debug_macro   0x0001df16       0x35 ./Core/Src/main.o
 .debug_macro   0x0001df4b      0x369 ./Core/Src/main.o
 .debug_macro   0x0001e2b4       0x10 ./Core/Src/main.o
 .debug_macro   0x0001e2c4       0x16 ./Core/Src/main.o
 .debug_macro   0x0001e2da       0x43 ./Core/Src/main.o
 .debug_macro   0x0001e31d       0x34 ./Core/Src/main.o
 .debug_macro   0x0001e351       0x10 ./Core/Src/main.o
 .debug_macro   0x0001e361       0x58 ./Core/Src/main.o
 .debug_macro   0x0001e3b9       0x8e ./Core/Src/main.o
 .debug_macro   0x0001e447       0x1c ./Core/Src/main.o
 .debug_macro   0x0001e463      0x177 ./Core/Src/main.o
 .debug_macro   0x0001e5da       0x16 ./Core/Src/main.o
 .debug_macro   0x0001e5f0       0x16 ./Core/Src/main.o
 .debug_macro   0x0001e606      0x146 ./Core/Src/main.o
 .debug_macro   0x0001e74c      0x223 ./Core/Src/midi.o
 .debug_macro   0x0001e96f       0x1c ./Core/Src/midi.o
 .debug_macro   0x0001e98b      0x20f ./Core/Src/screen.o
 .debug_macro   0x0001eb9a       0x16 ./Core/Src/screen.o
 .debug_macro   0x0001ebb0      0x200 ./Core/Src/stm32g4xx_hal_msp.o
 .debug_macro   0x0001edb0      0x20a ./Core/Src/stm32g4xx_it.o
 .debug_macro   0x0001efba      0x274 ./Core/Src/syscalls.o
 .debug_macro   0x0001f22e       0x5b ./Core/Src/syscalls.o
 .debug_macro   0x0001f289       0x94 ./Core/Src/syscalls.o
 .debug_macro   0x0001f31d       0x57 ./Core/Src/syscalls.o
 .debug_macro   0x0001f374       0x10 ./Core/Src/syscalls.o
 .debug_macro   0x0001f384       0x10 ./Core/Src/syscalls.o
 .debug_macro   0x0001f394       0x10 ./Core/Src/syscalls.o
 .debug_macro   0x0001f3a4       0x10 ./Core/Src/syscalls.o
 .debug_macro   0x0001f3b4       0x1c ./Core/Src/syscalls.o
 .debug_macro   0x0001f3d0       0x52 ./Core/Src/syscalls.o
 .debug_macro   0x0001f422       0x22 ./Core/Src/syscalls.o
 .debug_macro   0x0001f444       0x10 ./Core/Src/syscalls.o
 .debug_macro   0x0001f454       0x52 ./Core/Src/syscalls.o
 .debug_macro   0x0001f4a6       0xcf ./Core/Src/syscalls.o
 .debug_macro   0x0001f575       0x1c ./Core/Src/syscalls.o
 .debug_macro   0x0001f591       0x3d ./Core/Src/syscalls.o
 .debug_macro   0x0001f5ce       0x35 ./Core/Src/syscalls.o
 .debug_macro   0x0001f603      0x12c ./Core/Src/syscalls.o
 .debug_macro   0x0001f72f       0x16 ./Core/Src/syscalls.o
 .debug_macro   0x0001f745       0x16 ./Core/Src/syscalls.o
 .debug_macro   0x0001f75b       0x29 ./Core/Src/syscalls.o
 .debug_macro   0x0001f784       0x10 ./Core/Src/syscalls.o
 .debug_macro   0x0001f794      0x242 ./Core/Src/syscalls.o
 .debug_macro   0x0001f9d6       0x1c ./Core/Src/syscalls.o
 .debug_macro   0x0001f9f2       0x10 ./Core/Src/syscalls.o
 .debug_macro   0x0001fa02      0x18a ./Core/Src/syscalls.o
 .debug_macro   0x0001fb8c       0x16 ./Core/Src/syscalls.o
 .debug_macro   0x0001fba2       0xce ./Core/Src/syscalls.o
 .debug_macro   0x0001fc70       0xff ./Core/Src/sysmem.o
 .debug_macro   0x0001fd6f      0x23c ./Core/Src/sysmem.o
 .debug_macro   0x0001ffab      0x1f1 ./Core/Src/system_stm32g4xx.o
 .debug_macro   0x0002019c      0x20a ./Core/Src/tim.o
 .debug_macro   0x000203a6      0x20a ./Core/Src/usart.o
 .debug_macro   0x000205b0      0x23f ./Drivers/STM32G4xx_HAL_Driver/Src/stm32g4xx_hal.o
 .debug_macro   0x000207ef      0x20e ./Drivers/STM32G4xx_HAL_Driver/Src/stm32g4xx_hal_adc.o
 .debug_macro   0x000209fd      0x1fd ./Drivers/STM32G4xx_HAL_Driver/Src/stm32g4xx_hal_adc_ex.o
 .debug_macro   0x00020bfa      0x1f1 ./Drivers/STM32G4xx_HAL_Driver/Src/stm32g4xx_hal_cortex.o
 .debug_macro   0x00020deb      0x1f8 ./Drivers/STM32G4xx_HAL_Driver/Src/stm32g4xx_hal_gpio.o
 .debug_macro   0x00020fe3      0x21b ./Drivers/STM32G4xx_HAL_Driver/Src/stm32g4xx_hal_pwr_ex.o
 .debug_macro   0x000211fe      0x233 ./Drivers/STM32G4xx_HAL_Driver/Src/stm32g4xx_hal_rcc.o
 .debug_macro   0x00021431      0x21b ./Drivers/STM32G4xx_HAL_Driver/Src/stm32g4xx_hal_rcc_ex.o
 .debug_macro   0x0002164c      0x1f9 ./Drivers/STM32G4xx_HAL_Driver/Src/stm32g4xx_hal_tim.o
 .debug_macro   0x00021845      0x1f7 ./Drivers/STM32G4xx_HAL_Driver/Src/stm32g4xx_hal_tim_ex.o
 .debug_macro   0x00021a3c      0x21c ./Drivers/STM32G4xx_HAL_Driver/Src/stm32g4xx_hal_uart.o
 .debug_macro   0x00021c58      0x1fd ./Drivers/STM32G4xx_HAL_Driver/Src/stm32g4xx_hal_uart_ex.o

.debug_line     0x00000000    0x19aca
 .debug_line    0x00000000      0x866 ./Core/Src/adc.o
 .debug_line    0x00000866      0x7f2 ./Core/Src/gpio.o
 .debug_line    0x00001058      0xa55 ./Core/Src/main.o
 .debug_line    0x00001aad      0x804 ./Core/Src/midi.o
 .debug_line    0x000022b1      0x7d9 ./Core/Src/screen.o
 .debug_line    0x00002a8a      0x7b2 ./Core/Src/stm32g4xx_hal_msp.o
 .debug_line    0x0000323c      0x8a4 ./Core/Src/stm32g4xx_it.o
 .debug_line    0x00003ae0      0x8b2 ./Core/Src/syscalls.o
 .debug_line    0x00004392      0x583 ./Core/Src/sysmem.o
 .debug_line    0x00004915      0x81d ./Core/Src/system_stm32g4xx.o
 .debug_line    0x00005132      0x81e ./Core/Src/tim.o
 .debug_line    0x00005950      0x852 ./Core/Src/usart.o
 .debug_line    0x000061a2       0x7b ./Core/Startup/startup_stm32g431kbtx.o
 .debug_line    0x0000621d      0xbd9 ./Drivers/STM32G4xx_HAL_Driver/Src/stm32g4xx_hal.o
 .debug_line    0x00006df6     0x2004 ./Drivers/STM32G4xx_HAL_Driver/Src/stm32g4xx_hal_adc.o
 .debug_line    0x00008dfa     0x1a49 ./Drivers/STM32G4xx_HAL_Driver/Src/stm32g4xx_hal_adc_ex.o
 .debug_line    0x0000a843      0xd6c ./Drivers/STM32G4xx_HAL_Driver/Src/stm32g4xx_hal_cortex.o